Archive member included to satisfy reference by file (symbol)

D:/NXP/S32DS/build_tools/gcc_b1620/gcc-6.3-arm32-eabi/lib/gcc/arm-none-eabi/6.3.1/thumb/v7e-m/fpv4-sp/hard\libgcc.a(_arm_addsubdf3.o)
                              build/ACC.o (__aeabi_dsub)
D:/NXP/S32DS/build_tools/gcc_b1620/gcc-6.3-arm32-eabi/lib/gcc/arm-none-eabi/6.3.1/thumb/v7e-m/fpv4-sp/hard\libgcc.a(_arm_muldivdf3.o)
                              build/ACC.o (__aeabi_dmul)
D:/NXP/S32DS/build_tools/gcc_b1620/gcc-6.3-arm32-eabi/lib/gcc/arm-none-eabi/6.3.1/thumb/v7e-m/fpv4-sp/hard\libgcc.a(_arm_cmpdf2.o)
                              build/ACC.o (__aeabi_dcmpeq)
D:/NXP/S32DS/build_tools/gcc_b1620/gcc-6.3-arm32-eabi/lib/gcc/arm-none-eabi/6.3.1/thumb/v7e-m/fpv4-sp/hard\libgcc.a(_arm_unorddf2.o)
                              build/rt_nonfinite.o (__aeabi_dcmpun)
D:/NXP/S32DS/build_tools/gcc_b1620/gcc-6.3-arm32-eabi/lib/gcc/arm-none-eabi/6.3.1/thumb/v7e-m/fpv4-sp/hard\libgcc.a(_arm_fixdfsi.o)
                              build/rt_logging.o (__aeabi_d2iz)
D:/NXP/S32DS/build_tools/gcc_b1620/gcc-6.3-arm32-eabi/lib/gcc/arm-none-eabi/6.3.1/thumb/v7e-m/fpv4-sp/hard\libgcc.a(_arm_fixunsdfsi.o)
                              build/genx_ids_alert.o (__aeabi_d2uiz)
D:/NXP/S32DS/build_tools/gcc_b1620/gcc-6.3-arm32-eabi/lib/gcc/arm-none-eabi/6.3.1/thumb/v7e-m/fpv4-sp/hard\libgcc.a(_arm_truncdfsf2.o)
                              build/rt_logging.o (__aeabi_d2f)
D:/NXP/S32DS/build_tools/gcc_b1620/gcc-6.3-arm32-eabi/lib/gcc/arm-none-eabi/6.3.1/thumb/v7e-m/fpv4-sp/hard\libgcc.a(_aeabi_uldivmod.o)
                              build/lptmr_driver.o (__aeabi_uldivmod)
D:/NXP/S32DS/build_tools/gcc_b1620/gcc-6.3-arm32-eabi/lib/gcc/arm-none-eabi/6.3.1/thumb/v7e-m/fpv4-sp/hard\libgcc.a(_udivmoddi4.o)
                              D:/NXP/S32DS/build_tools/gcc_b1620/gcc-6.3-arm32-eabi/lib/gcc/arm-none-eabi/6.3.1/thumb/v7e-m/fpv4-sp/hard\libgcc.a(_aeabi_uldivmod.o) (__udivmoddi4)
D:/NXP/S32DS/build_tools/gcc_b1620/gcc-6.3-arm32-eabi/lib/gcc/arm-none-eabi/6.3.1/thumb/v7e-m/fpv4-sp/hard\libgcc.a(_dvmd_tls.o)
                              D:/NXP/S32DS/build_tools/gcc_b1620/gcc-6.3-arm32-eabi/lib/gcc/arm-none-eabi/6.3.1/thumb/v7e-m/fpv4-sp/hard\libgcc.a(_aeabi_uldivmod.o) (__aeabi_ldiv0)
D:/NXP/S32DS/build_tools/gcc_b1620/gcc-6.3-arm32-eabi/arm-none-eabi/newlib/lib/thumb/v7e-m/fpv4-sp/hard\libc.a(lib_a-calloc.o)
                              build/rt_logging.o (calloc)
D:/NXP/S32DS/build_tools/gcc_b1620/gcc-6.3-arm32-eabi/arm-none-eabi/newlib/lib/thumb/v7e-m/fpv4-sp/hard\libc.a(lib_a-callocr.o)
                              D:/NXP/S32DS/build_tools/gcc_b1620/gcc-6.3-arm32-eabi/arm-none-eabi/newlib/lib/thumb/v7e-m/fpv4-sp/hard\libc.a(lib_a-calloc.o) (_calloc_r)
D:/NXP/S32DS/build_tools/gcc_b1620/gcc-6.3-arm32-eabi/arm-none-eabi/newlib/lib/thumb/v7e-m/fpv4-sp/hard\libc.a(lib_a-exit.o)
                              build/rt_logging.o (exit)
D:/NXP/S32DS/build_tools/gcc_b1620/gcc-6.3-arm32-eabi/arm-none-eabi/newlib/lib/thumb/v7e-m/fpv4-sp/hard\libc.a(lib_a-fclose.o)
                              build/rt_logging.o (fclose)
D:/NXP/S32DS/build_tools/gcc_b1620/gcc-6.3-arm32-eabi/arm-none-eabi/newlib/lib/thumb/v7e-m/fpv4-sp/hard\libc.a(lib_a-fflush.o)
                              D:/NXP/S32DS/build_tools/gcc_b1620/gcc-6.3-arm32-eabi/arm-none-eabi/newlib/lib/thumb/v7e-m/fpv4-sp/hard\libc.a(lib_a-fclose.o) (__sflush_r)
D:/NXP/S32DS/build_tools/gcc_b1620/gcc-6.3-arm32-eabi/arm-none-eabi/newlib/lib/thumb/v7e-m/fpv4-sp/hard\libc.a(lib_a-findfp.o)
                              D:/NXP/S32DS/build_tools/gcc_b1620/gcc-6.3-arm32-eabi/arm-none-eabi/newlib/lib/thumb/v7e-m/fpv4-sp/hard\libc.a(lib_a-fclose.o) (__sinit)
D:/NXP/S32DS/build_tools/gcc_b1620/gcc-6.3-arm32-eabi/arm-none-eabi/newlib/lib/thumb/v7e-m/fpv4-sp/hard\libc.a(lib_a-fopen.o)
                              build/rt_logging.o (fopen)
D:/NXP/S32DS/build_tools/gcc_b1620/gcc-6.3-arm32-eabi/arm-none-eabi/newlib/lib/thumb/v7e-m/fpv4-sp/hard\libc.a(lib_a-fprintf.o)
                              build/rt_logging.o (fprintf)
D:/NXP/S32DS/build_tools/gcc_b1620/gcc-6.3-arm32-eabi/arm-none-eabi/newlib/lib/thumb/v7e-m/fpv4-sp/hard\libc.a(lib_a-fread.o)
                              build/rt_logging.o (fread)
D:/NXP/S32DS/build_tools/gcc_b1620/gcc-6.3-arm32-eabi/arm-none-eabi/newlib/lib/thumb/v7e-m/fpv4-sp/hard\libc.a(lib_a-freer.o)
                              D:/NXP/S32DS/build_tools/gcc_b1620/gcc-6.3-arm32-eabi/arm-none-eabi/newlib/lib/thumb/v7e-m/fpv4-sp/hard\libc.a(lib_a-fclose.o) (_free_r)
D:/NXP/S32DS/build_tools/gcc_b1620/gcc-6.3-arm32-eabi/arm-none-eabi/newlib/lib/thumb/v7e-m/fpv4-sp/hard\libc.a(lib_a-fseek.o)
                              D:/NXP/S32DS/build_tools/gcc_b1620/gcc-6.3-arm32-eabi/arm-none-eabi/newlib/lib/thumb/v7e-m/fpv4-sp/hard\libc.a(lib_a-fopen.o) (_fseek_r)
D:/NXP/S32DS/build_tools/gcc_b1620/gcc-6.3-arm32-eabi/arm-none-eabi/newlib/lib/thumb/v7e-m/fpv4-sp/hard\libc.a(lib_a-fseeko.o)
[...]
Memory Configuration

Name             Origin             Length             Attributes
m_interrupts     0x00000000         0x00000400         xr
m_flash_config   0x00000400         0x00000010         xr
m_text           0x00000410         0x0007fbf0         xr
m_data           0x1fff8000         0x00008000         rw
m_data_2         0x20000000         0x00007000         rw
*default*        0x00000000         0xffffffff

Linker script and memory map

LOAD build/system_S32K144.o
LOAD build/startup.o
LOAD build/clock_S32K1xx.o
LOAD build/interrupt_manager.o
LOAD build/pins_driver.o
LOAD build/pins_port_hw_access.o
LOAD build/adc_driver.o
LOAD build/edma_driver.o
LOAD build/edma_hw_access.o
LOAD build/edma_irq.o
LOAD build/flash_driver.o
LOAD build/flexcan_driver.o
LOAD build/flexcan_hw_access.o
LOAD build/flexcan_irq.o
LOAD build/ftm_common.o
LOAD build/ftm_hw_access.o
LOAD build/ftm_ic_driver.o
LOAD build/ftm_pwm_driver.o
LOAD build/lpi2c_driver.o
LOAD build/lpi2c_hw_access.o
LOAD build/lpi2c_irq.o
LOAD build/lptmr_driver.o
LOAD build/lptmr_hw_access.o
LOAD build/lpuart_driver.o
LOAD build/lpuart_hw_access.o
LOAD build/lpuart_irq.o
LOAD build/osif_baremetal.o
LOAD build/ancit_driver_can.o
LOAD build/ancit_driver_digital_io.o
LOAD build/ancit_driver_timer.o
LOAD build/ancit_can.o
LOAD build/ancit_can_rx.o
LOAD build/ancit_can_tx.o
LOAD build/ancit_do.o
LOAD build/ancit_pwm.o
LOAD build/ancit_common.o
LOAD build/ancit_scheduler.o
LOAD build/ancit_timer.o
LOAD build/ancit_ultrasonic.o
LOAD build/ancit_i2c_manager.o
LOAD build/ancit_oled_driver.o
LOAD build/ancit_oled_handler.o
LOAD build/ssd1306_fonts.o
LOAD build/clock_config.o
LOAD build/peripherals_MyADC_0.o
LOAD build/peripherals_MyADC_1.o
LOAD build/peripherals_edma_config_1.o
LOAD build/peripherals_flash_1.o
LOAD build/peripherals_flexTimer_ic_echo.o
LOAD build/peripherals_flexTimer_pwm_0.o
LOAD build/peripherals_flexcan_config_0.o
LOAD build/peripherals_lpi2c_config_1.o
LOAD build/peripherals_lptmr_1.o
LOAD build/peripherals_lpuart_1.o
LOAD build/peripherals_osif_1.o
LOAD build/pin_mux.o
LOAD build/ACC.o
LOAD build/ACC_data.o
LOAD build/SK_DC.o
LOAD build/genx_can_rx.o
LOAD build/genx_can_tx.o
LOAD build/genx_common.o
LOAD build/genx_do.o
LOAD build/genx_i2c_manager.o
LOAD build/genx_ids.o
LOAD build/genx_ids_alert.o
LOAD build/genx_oled.o
LOAD build/genx_pwm.o
LOAD build/genx_scheduler.o
LOAD build/genx_simulink_bridge.o
LOAD build/main.o
LOAD build/rt_logging.o
LOAD build/rt_nonfinite.o
LOAD build/smartwheels_rover.o
LOAD build/startup_S32K144.o
START GROUP
LOAD D:/NXP/S32DS/build_tools/gcc_b1620/gcc-6.3-arm32-eabi/lib/gcc/arm-none-eabi/6.3.1/thumb/v7e-m/fpv4-sp/hard\libgcc.a
LOAD D:/NXP/S32DS/build_tools/gcc_b1620/gcc-6.3-arm32-eabi/arm-none-eabi/newlib/lib/thumb/v7e-m/fpv4-sp/hard\libc.a
LOAD D:/NXP/S32DS/build_tools/gcc_b1620/gcc-6.3-arm32-eabi/arm-none-eabi/newlib/lib/thumb/v7e-m/fpv4-sp/hard\libm.a
LOAD D:/NXP/S32DS/build_tools/gcc_b1620/gcc-6.3-arm32-eabi/arm-none-eabi/newlib/lib/thumb/v7e-m/fpv4-sp/hard\libnosys.a
END GROUP
START GROUP
LOAD D:/NXP/S32DS/build_tools/gcc_b1620/gcc-6.3-arm32-eabi/lib/gcc/arm-none-eabi/6.3.1/thumb/v7e-m/fpv4-sp/hard\libgcc.a
LOAD D:/NXP/S32DS/build_tools/gcc_b1620/gcc-6.3-arm32-eabi/arm-none-eabi/newlib/lib/thumb/v7e-m/fpv4-sp/hard\libc.a
END GROUP
START GROUP
LOAD D:/NXP/S32DS/build_tools/gcc_b1620/gcc-6.3-arm32-eabi/lib/gcc/arm-none-eabi/6.3.1/thumb/v7e-m/fpv4-sp/hard\libgcc.a
LOAD D:/NXP/S32DS/build_tools/gcc_b1620/gcc-6.3-arm32-eabi/arm-none-eabi/newlib/lib/thumb/v7e-m/fpv4-sp/hard\libc.a
LOAD D:/NXP/S32DS/build_tools/gcc_b1620/gcc-6.3-arm32-eabi/arm-none-eabi/newlib/lib/thumb/v7e-m/fpv4-sp/hard\libnosys.a
END GROUP
                0x00000400                HEAP_SIZE = DEFINED (__heap_size__)?__heap_size__:0x400
                0x00000400                STACK_SIZE = DEFINED (__stack_size__)?__stack_size__:0x400
                0x00000400                M_VECTOR_RAM_SIZE = DEFINED (__flash_vector_table__)?0x0:0x400

.interrupts     0x00000000      0x400
                0x00000000                __VECTOR_TABLE = .
                0x00000000                __interrupts_start__ = .
                0x00000000                . = ALIGN (0x4)
 *(.isr_vector)
 .isr_vector    0x00000000      0x400 build/startup_S32K144.o
                0x00000000                __isr_vector
                0x00000400                __interrupts_end__ = .
                0x00000400                . = ALIGN (0x4)

.flash_config   0x00000400       0x10
                0x00000400                . = ALIGN (0x4)
 *(.FlashConfig)
 .FlashConfig   0x00000400       0x10 build/startup_S32K144.o
                0x00000410                . = ALIGN (0x4)

.text           0x00000410    0x16a68
                0x00000410                . = ALIGN (0x4)
 *(.text)
 .text          0x00000410       0x4c build/startup_S32K144.o
                0x00000410                Reset_Handler
                0x00000458                DebugMon_Handler
                0x00000458                Reserved88_IRQHandler
                0x00000458                HardFault_Handler
                0x00000458                Reserved86_IRQHandler
                0x00000458                Reserved103_IRQHandler
                0x00000458                Reserved50_IRQHandler
                0x00000458                FTFC_Fault_IRQHandler
                0x00000458                Reserved114_IRQHandler
                0x00000458                PendSV_Handler
                0x00000458                NMI_Handler
                0x00000458                Reserved89_IRQHandler
                0x00000458                ERM_double_fault_IRQHandler
                0x00000458                Reserved59_IRQHandler
                0x00000458                LPIT0_Ch0_IRQHandler
                0x00000458                Reserved99_IRQHandler
                0x00000458                LPIT0_Ch3_IRQHandler
                0x00000458                Reserved92_IRQHandler
                0x00000458                SWI_IRQHandler
                0x00000458                ADC0_IRQHandler
                0x00000458                UsageFault_Handler
                0x00000458                FTM0_Ovf_Reload_IRQHandler
                0x00000458                DefaultISR
                0x00000458                Reserved58_IRQHandler
                0x00000458                Reserved82_IRQHandler
                0x00000458                Reserved71_IRQHandler
                0x00000458                PORTD_IRQHandler
                0x00000458                Reserved69_IRQHandler
                0x00000458                PORTB_IRQHandler
                0x00000458                Reserved70_IRQHandler
                0x00000458                ADC1_IRQHandler
                0x00000458                Reserved53_IRQHandler
                0x00000458                RTC_IRQHandler
                0x00000458                PDB0_IRQHandler
                0x00000458                Reserved54_IRQHandler
                0x00000458                LPSPI1_IRQHandler
                0x00000458                LPUART1_RxTx_IRQHandler
                0x00000458                RTC_Seconds_IRQHandler
                0x00000458                Reserved72_IRQHandler
                0x00000458                Reserved110_IRQHandler
                0x00000458                Reserved107_IRQHandler
                0x00000458                Read_Collision_IRQHandler
                0x00000458                FTFC_IRQHandler
                0x00000458                Reserved105_IRQHandler
                0x00000458                LPIT0_Ch1_IRQHandler
                0x00000458                FTM3_Ovf_Reload_IRQHandler
                0x00000458                LPUART2_RxTx_IRQHandler
                0x00000458                LPSPI0_IRQHandler
                0x00000458                WDOG_EWM_IRQHandler
                0x00000458                MemManage_Handler
                0x00000458                Reserved90_IRQHandler
                0x00000458                Reserved83_IRQHandler
                0x00000458                FTM0_Fault_IRQHandler
                0x00000458                Reserved48_IRQHandler
                0x00000458                SVC_Handler
                0x00000458                ERM_single_fault_IRQHandler
                0x00000458                FTM2_Fault_IRQHandler
                0x00000458                FTM3_Fault_IRQHandler
                0x00000458                RCM_IRQHandler
                0x00000458                Reserved100_IRQHandler
                0x00000458                Reserved91_IRQHandler
                0x00000458                SCG_IRQHandler
                0x00000458                PDB1_IRQHandler
                0x00000458                Reserved81_IRQHandler
                0x00000458                Reserved46_IRQHandler
                0x00000458                Reserved45_IRQHandler
                0x00000458                Reserved112_IRQHandler
                0x00000458                FTM1_Fault_IRQHandler
                0x00000458                Reserved106_IRQHandler
                0x00000458                LVD_LVW_IRQHandler
                0x00000458                LPIT0_Ch2_IRQHandler
                0x00000458                PORTA_IRQHandler
                0x00000458                MCM_IRQHandler
                0x00000458                LPSPI2_IRQHandler
                0x00000458                PORTE_IRQHandler
                0x00000458                LPUART0_RxTx_IRQHandler
                0x00000458                BusFault_Handler
                0x00000458                Reserved87_IRQHandler
                0x00000458                FTM1_Ovf_Reload_IRQHandler
                0x00000458                Reserved93_IRQHandler
                0x00000458                CMP0_IRQHandler
                0x00000458                Reserved52_IRQHandler
                0x00000458                PORTC_IRQHandler
                0x00000458                FLEXIO_IRQHandler
                0x00000458                Reserved113_IRQHandler
 .text          0x0000045c      0x378 D:/NXP/S32DS/build_tools/gcc_b1620/gcc-6.3-arm32-eabi/lib/gcc/arm-none-eabi/6.3.1/thumb/v7e-m/fpv4-sp/hard\libgcc.a(_arm_addsubdf3.o)
                0x0000045c                __aeabi_drsub
                0x00000464                __aeabi_dsub
                0x00000464                __subdf3
                0x00000468                __aeabi_dadd
                0x00000468                __adddf3
                0x000006e0                __floatunsidf
                0x000006e0                __aeabi_ui2d
                0x00000700                __floatsidf
                0x00000700                __aeabi_i2d
                0x00000724                __aeabi_f2d
                0x00000724                __extendsfdf2
                0x00000768                __floatundidf
                0x00000768                __aeabi_ul2d
                0x00000778                __floatdidf
                0x00000778                __aeabi_l2d
 .text          0x000007d4      0x424 D:/NXP/S32DS/build_tools/gcc_b1620/gcc-6.3-arm32-eabi/lib/gcc/arm-none-eabi/6.3.1/thumb/v7e-m/fpv4-sp/hard\libgcc.a(_arm_muldivdf3.o)
                0x000007d4                __aeabi_dmul
                0x000007d4                __muldf3
                0x00000a28                __divdf3
                0x00000a28                __aeabi_ddiv
 .text          0x00000bf8      0x110 D:/NXP/S32DS/build_tools/gcc_b1620/gcc-6.3-arm32-eabi/lib/gcc/arm-none-eabi/6.3.1/thumb/v7e-m/fpv4-sp/hard\libgcc.a(_arm_cmpdf2.o)
                0x00000bf8                __gtdf2
                0x00000bf8                __gedf2
                0x00000c00                __ltdf2
                0x00000c00                __ledf2
                0x00000c08                __nedf2
                0x00000c08                __eqdf2
                0x00000c08                __cmpdf2
                0x00000c84                __aeabi_cdrcmple
                0x00000c94                __aeabi_cdcmpeq
                0x00000c94                __aeabi_cdcmple
                0x00000ca4                __aeabi_dcmpeq
                0x00000cb8                __aeabi_dcmplt
                0x00000ccc                __aeabi_dcmple
                0x00000ce0                __aeabi_dcmpge
                0x00000cf4                __aeabi_dcmpgt
 .text          0x00000d08       0x2c D:/NXP/S32DS/build_tools/gcc_b1620/gcc-6.3-arm32-eabi/lib/gcc/arm-none-eabi/6.3.1/thumb/v7e-m/fpv4-sp/hard\libgcc.a(_arm_unorddf2.o)
                0x00000d08                __unorddf2
                0x00000d08                __aeabi_dcmpun
 .text          0x00000d34       0x50 D:/NXP/S32DS/build_tools/gcc_b1620/gcc-6.3-arm32-eabi/lib/gcc/arm-none-eabi/6.3.1/thumb/v7e-m/fpv4-sp/hard\libgcc.a(_arm_fixdfsi.o)
                0x00000d34                __aeabi_d2iz
                0x00000d34                __fixdfsi
 .text          0x00000d84       0x40 D:/NXP/S32DS/build_tools/gcc_b1620/gcc-6.3-arm32-eabi/lib/gcc/arm-none-eabi/6.3.1/thumb/v7e-m/fpv4-sp/hard\libgcc.a(_arm_fixunsdfsi.o)
                0x00000d84                __aeabi_d2uiz
                0x00000d84                __fixunsdfsi
 .text          0x00000dc4       0xa0 D:/NXP/S32DS/build_tools/gcc_b1620/gcc-6.3-arm32-eabi/lib/gcc/arm-none-eabi/6.3.1/thumb/v7e-m/fpv4-sp/hard\libgcc.a(_arm_truncdfsf2.o)
                0x00000dc4                __truncdfsf2
                0x00000dc4                __aeabi_d2f
 .text          0x00000e64       0x30 D:/NXP/S32DS/build_tools/gcc_b1620/gcc-6.3-arm32-eabi/lib/gcc/arm-none-eabi/6.3.1/thumb/v7e-m/fpv4-sp/hard\libgcc.a(_aeabi_uldivmod.o)
                0x00000e64                __aeabi_uldivmod
 .text          0x00000e94      0x2e4 D:/NXP/S32DS/build_tools/gcc_b1620/gcc-6.3-arm32-eabi/lib/gcc/arm-none-eabi/6.3.1/thumb/v7e-m/fpv4-sp/hard\libgcc.a(_udivmoddi4.o)
                0x00000e94                __udivmoddi4
 .text          0x00001178        0x4 D:/NXP/S32DS/build_tools/gcc_b1620/gcc-6.3-arm32-eabi/lib/gcc/arm-none-eabi/6.3.1/thumb/v7e-m/fpv4-sp/hard\libgcc.a(_dvmd_tls.o)
                0x00001178                __aeabi_idiv0
                0x00001178                __aeabi_ldiv0
 .text          0x0000117c       0x14 D:/NXP/S32DS/build_tools/gcc_b1620/gcc-6.3-arm32-eabi/arm-none-eabi/newlib/lib/thumb/v7e-m/fpv4-sp/hard\libc.a(lib_a-strcmp.o)
                0x0000117c                strcmp
 .text          0x00001190       0x10 D:/NXP/S32DS/build_tools/gcc_b1620/gcc-6.3-arm32-eabi/arm-none-eabi/newlib/lib/thumb/v7e-m/fpv4-sp/hard\libc.a(lib_a-strlen.o)
                0x00001190                strlen
 .text          0x000011a0       0xa0 D:/NXP/S32DS/build_tools/gcc_b1620/gcc-6.3-arm32-eabi/arm-none-eabi/newlib/lib/thumb/v7e-m/fpv4-sp/hard\libc.a(lib_a-memchr.o)
                0x000011a0                memchr
 *(.text*)
 .text.SystemInit
                0x00001240       0x3c build/system_S32K144.o
                0x00001240                SystemInit
 .text.init_data_bss
                0x0000127c       0xd8 build/startup.o
                0x0000127c                init_data_bss
 .text.CLOCK_SYS_GetCurrentRunMode
                0x00001354       0x24 build/clock_S32K1xx.o
 .text.CLOCK_SYS_GetSysOscFreq
                0x00001378       0x1c build/clock_S32K1xx.o
 .text.CLOCK_SYS_ConfigureSOSC
                0x00001394      0x12c build/clock_S32K1xx.o
 .text.CLOCK_SYS_GetSircFreq
                0x000014c0       0x2c build/clock_S32K1xx.o
 .text.CLOCK_SYS_ConfigureSIRC
                0x000014ec       0xc4 build/clock_S32K1xx.o
 .text.CLOCK_SYS_GetFircFreq
                0x000015b0       0x20 build/clock_S32K1xx.o
 .text.CLOCK_SYS_ConfigureFIRC
                0x000015d0       0xb4 build/clock_S32K1xx.o
 .text.CLOCK_SYS_GetSysPllFreq
                0x00001684       0x44 build/clock_S32K1xx.o
 .text.CLOCK_SYS_ConfigureSPLL
                0x000016c8      0x12c build/clock_S32K1xx.o
 .text.CLOCK_SYS_SetSystemClockConfig
                0x000017f4      0x208 build/clock_S32K1xx.o
 .text.CLOCK_SYS_TransitionSystemClock
                0x000019fc       0x54 build/clock_S32K1xx.o
 .text.CLOCK_SYS_GetSystemClockFreq
                0x00001a50       0x80 build/clock_S32K1xx.o
 .text.CLOCK_SYS_GetScgClkOutFreq
                0x00001ad0       0x48 build/clock_S32K1xx.o
 .text.CLOCK_SYS_GetSysAsyncFreq
                0x00001b18       0xc8 build/clock_S32K1xx.o
 .text.CLOCK_SYS_GetSimRtcClkFreq
                0x00001be0       0x50 build/clock_S32K1xx.o
 .text.CLOCK_SYS_GetLpoFreq
                0x00001c30       0x54 build/clock_S32K1xx.o
 .text.CLOCK_SYS_GetSimClkOutFreq
                0x00001c84       0xac build/clock_S32K1xx.o
 .text.CLOCK_SYS_GetSimClockFreq
                0x00001d30      0x1a8 build/clock_S32K1xx.o
 .text.CLOCK_SYS_GetPeripheralClock
                0x00001ed8       0xcc build/clock_S32K1xx.o
 .text.CLOCK_DRV_Init
                0x00001fa4      0x610 build/clock_S32K1xx.o
                0x00001fa4                CLOCK_DRV_Init
 .text.CLOCK_DRV_GetFreq
                0x000025b4      0x20c build/clock_S32K1xx.o
                0x000025b4                CLOCK_DRV_GetFreq
 .text.CLOCK_SYS_Init
                0x000027c0       0x28 build/clock_S32K1xx.o
                0x000027c0                CLOCK_SYS_Init
 .text.CLOCK_SYS_UpdateConfiguration
                0x000027e8       0xf4 build/clock_S32K1xx.o
                0x000027e8                CLOCK_SYS_UpdateConfiguration
 .text.CLOCK_SYS_GetFreq
                0x000028dc        0x8 build/clock_S32K1xx.o
                0x000028dc                CLOCK_SYS_GetFreq
 .text.INT_SYS_EnableIRQ
                0x000028e4       0x28 build/interrupt_manager.o
                0x000028e4                INT_SYS_EnableIRQ
 .text.INT_SYS_DisableIRQ
                0x0000290c       0x2c build/interrupt_manager.o
                0x0000290c                INT_SYS_DisableIRQ
 .text.INT_SYS_EnableIRQGlobal
                0x00002938       0x1c build/interrupt_manager.o
                0x00002938                INT_SYS_EnableIRQGlobal
 .text.INT_SYS_DisableIRQGlobal
                0x00002954       0x10 build/interrupt_manager.o
                0x00002954                INT_SYS_DisableIRQGlobal
 .text.PINS_DRV_Init
                0x00002964       0x20 build/pins_driver.o
                0x00002964                PINS_DRV_Init
 .text.PINS_DRV_WritePin
                0x00002984       0x18 build/pins_driver.o
                0x00002984                PINS_DRV_WritePin
 .text.PINS_DRV_SetPins
                0x0000299c        0x4 build/pins_driver.o
                0x0000299c                PINS_DRV_SetPins
 .text.PINS_DRV_ClearPins
                0x000029a0        0x4 build/pins_driver.o
                0x000029a0                PINS_DRV_ClearPins
 .text.PINS_GetAdcInterleaveVal
                0x000029a4       0x6c build/pins_port_hw_access.o
 .text.PINS_Init
                0x00002a10      0x138 build/pins_port_hw_access.o
                0x00002a10                PINS_Init
 .text.EDMA_DRV_ClearIntStatus
                0x00002b48       0x20 build/edma_driver.o
 .text.EDMA_DRV_InstallCallback
                0x00002b68       0x38 build/edma_driver.o
                0x00002b68                EDMA_DRV_InstallCallback
 .text.EDMA_DRV_IRQHandler
                0x00002ba0       0x20 build/edma_driver.o
                0x00002ba0                EDMA_DRV_IRQHandler
 .text.EDMA_DRV_ErrorIRQHandler
                0x00002bc0       0x40 build/edma_driver.o
                0x00002bc0                EDMA_DRV_ErrorIRQHandler
 .text.EDMA_DRV_ConfigSingleBlockTransfer
                0x00002c00      0x1f4 build/edma_driver.o
                0x00002c00                EDMA_DRV_ConfigSingleBlockTransfer
 .text.EDMA_DRV_ConfigMultiBlockTransfer
                0x00002df4       0x9c build/edma_driver.o
                0x00002df4                EDMA_DRV_ConfigMultiBlockTransfer
 .text.EDMA_DRV_StartChannel
                0x00002e90       0x38 build/edma_driver.o
                0x00002e90                EDMA_DRV_StartChannel
 .text.EDMA_DRV_StopChannel
                0x00002ec8       0x38 build/edma_driver.o
                0x00002ec8                EDMA_DRV_StopChannel
 .text.EDMA_DRV_SetChannelRequestAndTrigger
                0x00002f00       0x7c build/edma_driver.o
                0x00002f00                EDMA_DRV_SetChannelRequestAndTrigger
 .text.EDMA_DRV_SetSrcLastAddrAdjustment
                0x00002f7c       0x38 build/edma_driver.o
                0x00002f7c                EDMA_DRV_SetSrcLastAddrAdjustment
 .text.EDMA_DRV_DisableRequestsOnTransferComplete
                0x00002fb4       0x58 build/edma_driver.o
                0x00002fb4                EDMA_DRV_DisableRequestsOnTransferComplete
 .text.EDMA_DRV_GetDmaRegBaseAddr
                0x0000300c       0x10 build/edma_driver.o
                0x0000300c                EDMA_DRV_GetDmaRegBaseAddr
 .text.EDMA_SetDmaRequestCmd
                0x0000301c        0xa build/edma_hw_access.o
                0x0000301c                EDMA_SetDmaRequestCmd
 .text.EDMA_TCDClearReg
                0x00003026       0x4a build/edma_hw_access.o
                0x00003026                EDMA_TCDClearReg
 .text.EDMA_TCDSetAttribute
                0x00003070       0x38 build/edma_hw_access.o
                0x00003070                EDMA_TCDSetAttribute
 .text.EDMA_TCDSetNbytes
                0x000030a8       0x64 build/edma_hw_access.o
                0x000030a8                EDMA_TCDSetNbytes
 .text.EDMA_TCDSetMajorCount
                0x0000310c       0x68 build/edma_hw_access.o
                0x0000310c                EDMA_TCDSetMajorCount
 .text.DMA0_IRQHandler
                0x00003174        0xa build/edma_irq.o
                0x00003174                DMA0_IRQHandler
 .text.DMA1_IRQHandler
                0x0000317e        0xa build/edma_irq.o
                0x0000317e                DMA1_IRQHandler
 .text.DMA2_IRQHandler
                0x00003188        0xa build/edma_irq.o
                0x00003188                DMA2_IRQHandler
 .text.DMA3_IRQHandler
                0x00003192        0xa build/edma_irq.o
                0x00003192                DMA3_IRQHandler
 .text.DMA4_IRQHandler
                0x0000319c        0xa build/edma_irq.o
                0x0000319c                DMA4_IRQHandler
 .text.DMA5_IRQHandler
                0x000031a6        0xa build/edma_irq.o
                0x000031a6                DMA5_IRQHandler
 .text.DMA6_IRQHandler
                0x000031b0        0xa build/edma_irq.o
                0x000031b0                DMA6_IRQHandler
 .text.DMA7_IRQHandler
                0x000031ba        0xa build/edma_irq.o
                0x000031ba                DMA7_IRQHandler
 .text.DMA8_IRQHandler
                0x000031c4        0xa build/edma_irq.o
                0x000031c4                DMA8_IRQHandler
 .text.DMA9_IRQHandler
                0x000031ce        0xa build/edma_irq.o
                0x000031ce                DMA9_IRQHandler
 .text.DMA10_IRQHandler
                0x000031d8        0xa build/edma_irq.o
                0x000031d8                DMA10_IRQHandler
 .text.DMA11_IRQHandler
                0x000031e2        0xa build/edma_irq.o
                0x000031e2                DMA11_IRQHandler
 .text.DMA12_IRQHandler
                0x000031ec        0xa build/edma_irq.o
                0x000031ec                DMA12_IRQHandler
 .text.DMA13_IRQHandler
                0x000031f6        0xa build/edma_irq.o
                0x000031f6                DMA13_IRQHandler
 .text.DMA14_IRQHandler
                0x00003200        0xa build/edma_irq.o
                0x00003200                DMA14_IRQHandler
 .text.DMA15_IRQHandler
                0x0000320a        0xa build/edma_irq.o
                0x0000320a                DMA15_IRQHandler
 .text.DMA_Error_IRQHandler
                0x00003214       0x28 build/edma_irq.o
                0x00003214                DMA_Error_IRQHandler
 .text.FLEXCAN_SetTimeSegments
                0x0000323c       0x4c build/flexcan_driver.o
 .text.FLEXCAN_SetExtendedTimeSegments
                0x00003288       0x50 build/flexcan_driver.o
 .text.FLEXCAN_SetFDTimeSegments
                0x000032d8       0x5c build/flexcan_driver.o
 .text.FLEXCAN_GetRxFifoIdFormat
                0x00003334       0x28 build/flexcan_driver.o
 .text.FLEXCAN_StartSendData
                0x0000335c       0xb8 build/flexcan_driver.o
 .text.FLEXCAN_StartRxMessageBufferData
                0x00003414       0x88 build/flexcan_driver.o
 .text.FLEXCAN_CompleteRxMessageFifoData
                0x0000349c       0xbc build/flexcan_driver.o
 .text.FLEXCAN_CompleteTransfer
                0x00003558       0x3c build/flexcan_driver.o
 .text.FLEXCAN_DRV_SetRxMaskType
                0x00003594       0x48 build/flexcan_driver.o
                0x00003594                FLEXCAN_DRV_SetRxMaskType
 .text.FLEXCAN_DRV_SetRxIndividualMask
                0x000035dc      0x148 build/flexcan_driver.o
                0x000035dc                FLEXCAN_DRV_SetRxIndividualMask
 .text.FLEXCAN_DRV_Init
                0x00003724      0x294 build/flexcan_driver.o
                0x00003724                FLEXCAN_DRV_Init
 .text.FLEXCAN_DRV_Send
                0x000039b8       0x60 build/flexcan_driver.o
                0x000039b8                FLEXCAN_DRV_Send
 .text.FLEXCAN_DRV_ConfigRxMb
                0x00003a18       0x9c build/flexcan_driver.o
                0x00003a18                FLEXCAN_DRV_ConfigRxMb
 .text.FLEXCAN_DRV_Receive
                0x00003ab4       0x34 build/flexcan_driver.o
                0x00003ab4                FLEXCAN_DRV_Receive
 .text.FLEXCAN_BusOff_IRQHandler
                0x00003ae8       0x30 build/flexcan_driver.o
                0x00003ae8                FLEXCAN_BusOff_IRQHandler
 .text.FLEXCAN_IRQHandler
                0x00003b18      0x248 build/flexcan_driver.o
                0x00003b18                FLEXCAN_IRQHandler
 .text.FLEXCAN_Error_IRQHandler
                0x00003d60       0x30 build/flexcan_driver.o
                0x00003d60                FLEXCAN_Error_IRQHandler
 .text.FLEXCAN_WakeUpHandler
                0x00003d90       0x74 build/flexcan_driver.o
                0x00003d90                FLEXCAN_WakeUpHandler
 .text.FLEXCAN_DRV_GetTransferStatus
                0x00003e04       0x2c build/flexcan_driver.o
                0x00003e04                FLEXCAN_DRV_GetTransferStatus
 .text.FLEXCAN_ComputePayloadSize
                0x00003e30       0x3e build/flexcan_hw_access.o
 *fill*         0x00003e6e        0x2 
 .text.FLEXCAN_GetRxFifoMask
                0x00003e70       0x60 build/flexcan_hw_access.o
                0x00003e70                FLEXCAN_GetRxFifoMask
 .text.FLEXCAN_GetMaxMbNum
                0x00003ed0       0x2c build/flexcan_hw_access.o
                0x00003ed0                FLEXCAN_GetMaxMbNum
 .text.FLEXCAN_Enable
                0x00003efc       0x2a build/flexcan_hw_access.o
                0x00003efc                FLEXCAN_Enable
 .text.FLEXCAN_Disable
                0x00003f26       0x18 build/flexcan_hw_access.o
                0x00003f26                FLEXCAN_Disable
 *fill*         0x00003f3e        0x2 
 .text.FLEXCAN_Init
                0x00003f40       0x68 build/flexcan_hw_access.o
                0x00003f40                FLEXCAN_Init
 .text.FLEXCAN_EnableRxFifo
                0x00003fa8       0x54 build/flexcan_hw_access.o
                0x00003fa8                FLEXCAN_EnableRxFifo
 .text.FLEXCAN_SetMsgBuffIntCmd
                0x00003ffc       0x24 build/flexcan_hw_access.o
                0x00003ffc                FLEXCAN_SetMsgBuffIntCmd
 .text.FLEXCAN_ExitFreezeMode
                0x00004020       0x1a build/flexcan_hw_access.o
                0x00004020                FLEXCAN_ExitFreezeMode
 .text.FLEXCAN_EnterFreezeMode
                0x0000403a       0x9e build/flexcan_hw_access.o
                0x0000403a                FLEXCAN_EnterFreezeMode
 .text.FLEXCAN_ClearErrIntStatusFlag
                0x000040d8       0x18 build/flexcan_hw_access.o
                0x000040d8                FLEXCAN_ClearErrIntStatusFlag
 .text.FLEXCAN_ClearBusOffIntStatusFlag
                0x000040f0       0x14 build/flexcan_hw_access.o
                0x000040f0                FLEXCAN_ClearBusOffIntStatusFlag
 .text.FLEXCAN_ReadRxFifo
                0x00004104       0x58 build/flexcan_hw_access.o
                0x00004104                FLEXCAN_ReadRxFifo
 .text.FLEXCAN_SetOperationMode
                0x0000415c       0x68 build/flexcan_hw_access.o
                0x0000415c                FLEXCAN_SetOperationMode
 .text.FLEXCAN_IsOutOfRangeMbIdx
                0x000041c4       0x2e build/flexcan_hw_access.o
                0x000041c4                FLEXCAN_IsOutOfRangeMbIdx
 .text.FLEXCAN_SetPayloadSize
                0x000041f2       0x30 build/flexcan_hw_access.o
                0x000041f2                FLEXCAN_SetPayloadSize
 .text.FLEXCAN_GetPayloadSize
                0x00004222       0x20 build/flexcan_hw_access.o
                0x00004222                FLEXCAN_GetPayloadSize
 .text.FLEXCAN_GetMsgBuffRegion
                0x00004242       0x30 build/flexcan_hw_access.o
                0x00004242                FLEXCAN_GetMsgBuffRegion
 *fill*         0x00004272        0x2 
 .text.FLEXCAN_SetRxMsgBuff
                0x00004274       0xcc build/flexcan_hw_access.o
                0x00004274                FLEXCAN_SetRxMsgBuff
 .text.FLEXCAN_LockRxMsgBuff
                0x00004340        0xa build/flexcan_hw_access.o
                0x00004340                FLEXCAN_LockRxMsgBuff
 *fill*         0x0000434a        0x2 
 .text.FLEXCAN_SetTxMsgBuff
                0x0000434c      0x1b8 build/flexcan_hw_access.o
                0x0000434c                FLEXCAN_SetTxMsgBuff
 .text.FLEXCAN_GetMsgBuff
                0x00004504       0x92 build/flexcan_hw_access.o
                0x00004504                FLEXCAN_GetMsgBuff
 .text.FLEXCAN_SetMaxMsgBuffNum
                0x00004596       0xaa build/flexcan_hw_access.o
                0x00004596                FLEXCAN_SetMaxMsgBuffNum
 .text.CAN0_ORed_IRQHandler
                0x00004640        0xa build/flexcan_irq.o
                0x00004640                CAN0_ORed_IRQHandler
 .text.CAN0_Error_IRQHandler
                0x0000464a        0xa build/flexcan_irq.o
                0x0000464a                CAN0_Error_IRQHandler
 .text.CAN0_Wake_Up_IRQHandler
                0x00004654        0xa build/flexcan_irq.o
                0x00004654                CAN0_Wake_Up_IRQHandler
 .text.CAN0_ORed_0_15_MB_IRQHandler
                0x0000465e        0xa build/flexcan_irq.o
                0x0000465e                CAN0_ORed_0_15_MB_IRQHandler
 .text.CAN0_ORed_16_31_MB_IRQHandler
                0x00004668        0xa build/flexcan_irq.o
                0x00004668                CAN0_ORed_16_31_MB_IRQHandler
 .text.CAN1_ORed_IRQHandler
                0x00004672        0xa build/flexcan_irq.o
                0x00004672                CAN1_ORed_IRQHandler
 .text.CAN1_Error_IRQHandler
                0x0000467c        0xa build/flexcan_irq.o
                0x0000467c                CAN1_Error_IRQHandler
 .text.CAN1_ORed_0_15_MB_IRQHandler
                0x00004686        0xa build/flexcan_irq.o
                0x00004686                CAN1_ORed_0_15_MB_IRQHandler
 .text.CAN2_ORed_IRQHandler
                0x00004690        0xa build/flexcan_irq.o
                0x00004690                CAN2_ORed_IRQHandler
 .text.CAN2_Error_IRQHandler
                0x0000469a        0xa build/flexcan_irq.o
                0x0000469a                CAN2_Error_IRQHandler
 .text.CAN2_ORed_0_15_MB_IRQHandler
                0x000046a4        0xa build/flexcan_irq.o
                0x000046a4                CAN2_ORed_0_15_MB_IRQHandler
 *fill*         0x000046ae        0x2 
 .text.FTM_DRV_SetSync
                0x000046b0      0x1c8 build/ftm_common.o
                0x000046b0                FTM_DRV_SetSync
 .text.FTM_DRV_ClearStatusFlags
                0x00004878       0xa0 build/ftm_common.o
                0x00004878                FTM_DRV_ClearStatusFlags
 .text.FTM_DRV_GetFrequency
                0x00004918       0x7c build/ftm_common.o
                0x00004918                FTM_DRV_GetFrequency
 .text.FTM_DRV_Init
                0x00004994      0x108 build/ftm_common.o
                0x00004994                FTM_DRV_Init
 .text.FTM_DRV_ConvertFreqToPeriodTicks
                0x00004a9c       0x24 build/ftm_common.o
                0x00004a9c                FTM_DRV_ConvertFreqToPeriodTicks
 .text.FTM_DRV_CounterReset
                0x00004ac0       0x30 build/ftm_common.o
                0x00004ac0                FTM_DRV_CounterReset
 .text.FTM_DRV_InitModule
                0x00004af0       0x18 build/ftm_hw_access.o
                0x00004af0                FTM_DRV_InitModule
 .text.FTM_DRV_Reset
                0x00004b08       0x66 build/ftm_hw_access.o
                0x00004b08                FTM_DRV_Reset
 .text.FTM_DRV_SetChnTriggerCmd
                0x00004b6e       0x36 build/ftm_hw_access.o
                0x00004b6e                FTM_DRV_SetChnTriggerCmd
 .text.FTM_DRV_SetChnInputCaptureFilter
                0x00004ba4       0x5a build/ftm_hw_access.o
                0x00004ba4                FTM_DRV_SetChnInputCaptureFilter
 *fill*         0x00004bfe        0x2 
 .text.FTM_DRV_IrqHandler
                0x00004c00      0x128 build/ftm_ic_driver.o
 .text.FTM_DRV_InitInputCapture
                0x00004d28      0x3ac build/ftm_ic_driver.o
                0x00004d28                FTM_DRV_InitInputCapture
 .text.FTM_DRV_GetInputCaptureMeasurement
                0x000050d4       0x28 build/ftm_ic_driver.o
                0x000050d4                FTM_DRV_GetInputCaptureMeasurement
 .text.FTM0_Ch0_Ch1_IRQHandler
                0x000050fc        0xc build/ftm_ic_driver.o
                0x000050fc                FTM0_Ch0_Ch1_IRQHandler
 .text.FTM0_Ch2_Ch3_IRQHandler
                0x00005108        0xc build/ftm_ic_driver.o
                0x00005108                FTM0_Ch2_Ch3_IRQHandler
 .text.FTM0_Ch4_Ch5_IRQHandler
                0x00005114        0xc build/ftm_ic_driver.o
                0x00005114                FTM0_Ch4_Ch5_IRQHandler
 .text.FTM0_Ch6_Ch7_IRQHandler
                0x00005120        0xc build/ftm_ic_driver.o
                0x00005120                FTM0_Ch6_Ch7_IRQHandler
 .text.FTM1_Ch0_Ch1_IRQHandler
                0x0000512c        0xc build/ftm_ic_driver.o
                0x0000512c                FTM1_Ch0_Ch1_IRQHandler
 .text.FTM1_Ch2_Ch3_IRQHandler
                0x00005138        0xc build/ftm_ic_driver.o
                0x00005138                FTM1_Ch2_Ch3_IRQHandler
 .text.FTM1_Ch4_Ch5_IRQHandler
                0x00005144        0xc build/ftm_ic_driver.o
                0x00005144                FTM1_Ch4_Ch5_IRQHandler
 .text.FTM1_Ch6_Ch7_IRQHandler
                0x00005150        0xc build/ftm_ic_driver.o
                0x00005150                FTM1_Ch6_Ch7_IRQHandler
 .text.FTM2_Ch0_Ch1_IRQHandler
                0x0000515c        0xc build/ftm_ic_driver.o
                0x0000515c                FTM2_Ch0_Ch1_IRQHandler
 .text.FTM2_Ch2_Ch3_IRQHandler
                0x00005168        0xc build/ftm_ic_driver.o
                0x00005168                FTM2_Ch2_Ch3_IRQHandler
 .text.FTM2_Ch4_Ch5_IRQHandler
                0x00005174        0xc build/ftm_ic_driver.o
                0x00005174                FTM2_Ch4_Ch5_IRQHandler
 .text.FTM2_Ch6_Ch7_IRQHandler
                0x00005180        0xc build/ftm_ic_driver.o
                0x00005180                FTM2_Ch6_Ch7_IRQHandler
 .text.FTM3_Ch0_Ch1_IRQHandler
                0x0000518c        0xc build/ftm_ic_driver.o
                0x0000518c                FTM3_Ch0_Ch1_IRQHandler
 .text.FTM3_Ch2_Ch3_IRQHandler
                0x00005198        0xc build/ftm_ic_driver.o
                0x00005198                FTM3_Ch2_Ch3_IRQHandler
 .text.FTM3_Ch4_Ch5_IRQHandler
                0x000051a4        0xc build/ftm_ic_driver.o
                0x000051a4                FTM3_Ch4_Ch5_IRQHandler
 .text.FTM3_Ch6_Ch7_IRQHandler
                0x000051b0        0xc build/ftm_ic_driver.o
                0x000051b0                FTM3_Ch6_Ch7_IRQHandler
 .text.FTM_DRV_UpdatePwmChannel
                0x000051bc      0x184 build/ftm_pwm_driver.o
                0x000051bc                FTM_DRV_UpdatePwmChannel
 .text.FTM_DRV_InitPwm
                0x00005340      0x838 build/ftm_pwm_driver.o
                0x00005340                FTM_DRV_InitPwm
 .text.FTM_DRV_ControlChannelOutput
                0x00005b78       0x40 build/ftm_pwm_driver.o
                0x00005b78                FTM_DRV_ControlChannelOutput
 .text.LPI2C_DRV_MasterQueueCmd
                0x00005bb8       0x46 build/lpi2c_driver.o
 .text.LPI2C_DRV_MasterSendAddress
                0x00005bfe       0x68 build/lpi2c_driver.o
 .text.LPI2C_DRV_MasterQueueData
                0x00005c66       0x5c build/lpi2c_driver.o
 .text.LPI2C_DRV_SlaveEndTransfer
                0x00005cc2       0x5c build/lpi2c_driver.o
 .text.LPI2C_DRV_MasterEndTransfer
                0x00005d1e       0x72 build/lpi2c_driver.o
 .text.LPI2C_DRV_MasterCompleteDMATransfer
                0x00005d90       0x8c build/lpi2c_driver.o
 .text.LPI2C_DRV_SlaveEndTransferHandler
                0x00005e1c       0x3a build/lpi2c_driver.o
 *fill*         0x00005e56        0x2 
 .text.LPI2C_DRV_ConfigureDmaTransfer
                0x00005e58       0x60 build/lpi2c_driver.o
 .text.LPI2C_DRV_MasterStartDmaTransfer
                0x00005eb8       0xec build/lpi2c_driver.o
 .text.LPI2C_DRV_SlaveStartDmaTransfer
                0x00005fa4       0x9c build/lpi2c_driver.o
 .text.LPI2C_DRV_MasterSetBaudRate
                0x00006040      0x150 build/lpi2c_driver.o
                0x00006040                LPI2C_DRV_MasterSetBaudRate
 .text.LPI2C_DRV_MasterSetSlaveAddr
                0x00006190       0x24 build/lpi2c_driver.o
                0x00006190                LPI2C_DRV_MasterSetSlaveAddr
 .text.LPI2C_DRV_MasterInit
                0x000061b4       0xd8 build/lpi2c_driver.o
                0x000061b4                LPI2C_DRV_MasterInit
 .text.LPI2C_DRV_MasterReinit
                0x0000628c       0x5c build/lpi2c_driver.o
 .text.LPI2C_DRV_MasterWaitTransferEnd
                0x000062e8       0xc0 build/lpi2c_driver.o
 .text.LPI2C_DRV_MasterSendData
                0x000063a8       0x8c build/lpi2c_driver.o
                0x000063a8                LPI2C_DRV_MasterSendData
 .text.LPI2C_DRV_MasterSendDataBlocking
                0x00006434       0x5c build/lpi2c_driver.o
                0x00006434                LPI2C_DRV_MasterSendDataBlocking
 .text.LPI2C_DRV_MasterReceiveData
                0x00006490       0xe8 build/lpi2c_driver.o
                0x00006490                LPI2C_DRV_MasterReceiveData
 .text.LPI2C_DRV_MasterIRQHandler
                0x00006578      0x268 build/lpi2c_driver.o
                0x00006578                LPI2C_DRV_MasterIRQHandler
 .text.LPI2C_DRV_SlaveIRQHandler
                0x000067e0      0x1dc build/lpi2c_driver.o
                0x000067e0                LPI2C_DRV_SlaveIRQHandler
 .text.LPI2C_Init
                0x000069bc       0x1e build/lpi2c_hw_access.o
                0x000069bc                LPI2C_Init
 .text.LPI2C0_Master_IRQHandler
                0x000069da        0xa build/lpi2c_irq.o
                0x000069da                LPI2C0_Master_IRQHandler
 .text.LPI2C0_Slave_IRQHandler
                0x000069e4        0xa build/lpi2c_irq.o
                0x000069e4                LPI2C0_Slave_IRQHandler
 .text.lptmr_GetClkFreq
                0x000069ee       0x52 build/lptmr_driver.o
 .text.LPTMR_DRV_SetConfig
                0x00006a40      0x244 build/lptmr_driver.o
                0x00006a40                LPTMR_DRV_SetConfig
 .text.LPTMR_DRV_Init
                0x00006c84       0x2c build/lptmr_driver.o
                0x00006c84                LPTMR_DRV_Init
 .text.LPTMR_DRV_ClearCompareFlag
                0x00006cb0       0x18 build/lptmr_driver.o
                0x00006cb0                LPTMR_DRV_ClearCompareFlag
 .text.LPTMR_DRV_StartCounter
                0x00006cc8       0x48 build/lptmr_driver.o
                0x00006cc8                LPTMR_DRV_StartCounter
 .text.LPTMR_Init
                0x00006d10       0x18 build/lptmr_hw_access.o
                0x00006d10                LPTMR_Init
 .text.SysTick_Handler
                0x00006d28       0x10 build/osif_baremetal.o
                0x00006d28                SysTick_Handler
 .text.OSIF_TimeDelay
                0x00006d38       0x70 build/osif_baremetal.o
                0x00006d38                OSIF_TimeDelay
 .text.OSIF_GetMilliseconds
                0x00006da8        0xc build/osif_baremetal.o
                0x00006da8                OSIF_GetMilliseconds
 .text.OSIF_SemaWait
                0x00006db4       0xa0 build/osif_baremetal.o
                0x00006db4                OSIF_SemaWait
 .text.OSIF_SemaPost
                0x00006e54       0x2c build/osif_baremetal.o
                0x00006e54                OSIF_SemaPost
 .text.OSIF_SemaCreate
                0x00006e80       0x1a build/osif_baremetal.o
                0x00006e80                OSIF_SemaCreate
 .text.OSIF_SemaDestroy
                0x00006e9a        0xa build/osif_baremetal.o
                0x00006e9a                OSIF_SemaDestroy
 .text.ancit_driver_can_init
                0x00006ea4       0x12 build/ancit_driver_can.o
                0x00006ea4                ancit_driver_can_init
 .text.ancit_driver_can_send
                0x00006eb6       0x10 build/ancit_driver_can.o
                0x00006eb6                ancit_driver_can_send
 .text.ancit_driver_can_GetTransferStatus
                0x00006ec6        0x8 build/ancit_driver_can.o
                0x00006ec6                ancit_driver_can_GetTransferStatus
 .text.ancit_driver_can_receive
                0x00006ece        0x8 build/ancit_driver_can.o
                0x00006ece                ancit_driver_can_receive
 .text.ancit_driver_can_ConfigRxMb
                0x00006ed6        0x8 build/ancit_driver_can.o
                0x00006ed6                ancit_driver_can_ConfigRxMb
 .text.ancit_driver_can_SetRxMaskType
                0x00006ede        0x8 build/ancit_driver_can.o
                0x00006ede                ancit_driver_can_SetRxMaskType
 .text.ancit_driver_can_SetRxIndividualMask
                0x00006ee6        0x8 build/ancit_driver_can.o
                0x00006ee6                ancit_driver_can_SetRxIndividualMask
 .text.ancit_dd_gpio_write
                0x00006eee        0x8 build/ancit_driver_digital_io.o
                0x00006eee                ancit_dd_gpio_write
 .text.LPTMR0_IRQHandler
                0x00006ef6        0xe build/ancit_driver_timer.o
                0x00006ef6                LPTMR0_IRQHandler
 .text.ancit_dd_timer_init
                0x00006f04        0x8 build/ancit_driver_timer.o
                0x00006f04                ancit_dd_timer_init
 .text.ancit_dd_timer_EnableIRQ
                0x00006f0c        0x8 build/ancit_driver_timer.o
                0x00006f0c                ancit_dd_timer_EnableIRQ
 .text.ancit_dd_timer_StartCounter
                0x00006f14        0x8 build/ancit_driver_timer.o
                0x00006f14                ancit_dd_timer_StartCounter
 .text.ancit_can_get_all_instances
                0x00006f1c       0x74 build/ancit_can.o
                0x00006f1c                ancit_can_get_all_instances
 .text.ancit_can_init_instances
                0x00006f90       0x24 build/ancit_can.o
                0x00006f90                ancit_can_init_instances
 .text.ancit_can_start
                0x00006fb4       0x14 build/ancit_can.o
                0x00006fb4                ancit_can_start
 .text.ancit_can_rx_register_message
                0x00006fc8       0x80 build/ancit_can_rx.o
                0x00006fc8                ancit_can_rx_register_message
 .text.ancit_can_rx_init
                0x00007048       0x30 build/ancit_can_rx.o
                0x00007048                ancit_can_rx_init
 .text.ancit_can_rx_sm
                0x00007078       0x8c build/ancit_can_rx.o
                0x00007078                ancit_can_rx_sm
 .text.ancit_can_rx_main
                0x00007104       0x24 build/ancit_can_rx.o
                0x00007104                ancit_can_rx_main
 .text.ancit_can_tx_register_message
                0x00007128       0x60 build/ancit_can_tx.o
                0x00007128                ancit_can_tx_register_message
 .text.ancit_can_tx_init
                0x00007188       0x30 build/ancit_can_tx.o
                0x00007188                ancit_can_tx_init
 .text.ancit_can_tx_sm
                0x000071b8       0xf8 build/ancit_can_tx.o
                0x000071b8                ancit_can_tx_sm
 .text.ancit_can_tx_main
                0x000072b0       0x28 build/ancit_can_tx.o
                0x000072b0                ancit_can_tx_main
 .text.ancit_can_tx_onstart
                0x000072d8       0x44 build/ancit_can_tx.o
                0x000072d8                ancit_can_tx_onstart
 .text.ancit_can_tx_one_ms
                0x0000731c       0x54 build/ancit_can_tx.o
                0x0000731c                ancit_can_tx_one_ms
 .text.ancit_digital_output_write
                0x00007370       0x20 build/ancit_do.o
                0x00007370                ancit_digital_output_write
 .text.ancit_digital_output_start
                0x00007390       0x38 build/ancit_do.o
                0x00007390                ancit_digital_output_start
 .text.ancit_digital_output_main
                0x000073c8        0x2 build/ancit_do.o
                0x000073c8                ancit_digital_output_main
 *fill*         0x000073ca        0x2 
 .text.ancit_PWM_Init
                0x000073cc       0x48 build/ancit_pwm.o
                0x000073cc                ancit_PWM_Init
 .text.ancit_PWM_UpdateDutyCycle
                0x00007414       0x34 build/ancit_pwm.o
                0x00007414                ancit_PWM_UpdateDutyCycle
 .text.ancit_PWM_EnableChannel
                0x00007448        0xa build/ancit_pwm.o
                0x00007448                ancit_PWM_EnableChannel
 .text.ancit_scheduler_initialize_tasks
                0x00007452        0x2 build/ancit_scheduler.o
                0x00007452                ancit_scheduler_initialize_tasks
 .text.ancit_scheduler_one_ms
                0x00007454       0x58 build/ancit_scheduler.o
                0x00007454                ancit_scheduler_one_ms
 .text.ancit_scheduler_main
                0x000074ac       0x44 build/ancit_scheduler.o
                0x000074ac                ancit_scheduler_main
 .text.ancit_base_timer_start
                0x000074f0       0x20 build/ancit_timer.o
                0x000074f0                ancit_base_timer_start
 .text.ancit_one_ms_handler
                0x00007510       0x1c build/ancit_timer.o
                0x00007510                ancit_one_ms_handler
 .text.ancit_GetTick
                0x0000752c        0xc build/ancit_timer.o
                0x0000752c                ancit_GetTick
 .text.callback_echo_received
                0x00007538       0x10 build/ancit_ultrasonic.o
                0x00007538                callback_echo_received
 .text.FTM2_Ovf_Reload_IRQHandler
                0x00007548       0x28 build/ancit_ultrasonic.o
                0x00007548                FTM2_Ovf_Reload_IRQHandler
 .text.ancit_ultrasonic_init
                0x00007570       0x6c build/ancit_ultrasonic.o
                0x00007570                ancit_ultrasonic_init
 .text.ancit_ultrasonic_one_ms
                0x000075dc       0x28 build/ancit_ultrasonic.o
                0x000075dc                ancit_ultrasonic_one_ms
 .text.ancit_ultrasonic_main
                0x00007604      0x164 build/ancit_ultrasonic.o
                0x00007604                ancit_ultrasonic_main
 .text.ancit_ultrasonic_get_distance_cm
                0x00007768        0xc build/ancit_ultrasonic.o
                0x00007768                ancit_ultrasonic_get_distance_cm
 .text.ancit_i2c_manager_init
                0x00007774       0x2c build/ancit_i2c_manager.o
                0x00007774                ancit_i2c_manager_init
 .text.ancit_i2c_manager_main
                0x000077a0      0x228 build/ancit_i2c_manager.o
                0x000077a0                ancit_i2c_manager_main
 .text.ancit_i2c_submit_request
                0x000079c8       0x88 build/ancit_i2c_manager.o
                0x000079c8                ancit_i2c_submit_request
 .text.ancit_i2c_configure_device
                0x00007a50       0x20 build/ancit_i2c_manager.o
                0x00007a50                ancit_i2c_configure_device
 .text.ancit_i2c_Callback
                0x00007a70       0x18 build/ancit_i2c_manager.o
                0x00007a70                ancit_i2c_Callback
 .text.oled_page_complete_callback
                0x00007a88       0x20 build/ancit_oled_driver.o
 .text.oled_error_callback
                0x00007aa8        0xc build/ancit_oled_driver.o
 .text.oled_send_command_blocking
                0x00007ab4       0x2c build/ancit_oled_driver.o
 .text.ssd1306_Main
                0x00007ae0       0xdc build/ancit_oled_driver.o
                0x00007ae0                ssd1306_Main
 .text.ssd1306_UpdateScreen
                0x00007bbc       0x1c build/ancit_oled_driver.o
                0x00007bbc                ssd1306_UpdateScreen
 .text.ssd1306_IsBusy
                0x00007bd8       0x10 build/ancit_oled_driver.o
                0x00007bd8                ssd1306_IsBusy
 .text.ssd1306_UpdateScreenBlocking
                0x00007be8       0x34 build/ancit_oled_driver.o
                0x00007be8                ssd1306_UpdateScreenBlocking
 .text.ssd1306_Fill
                0x00007c1c       0x1c build/ancit_oled_driver.o
                0x00007c1c                ssd1306_Fill
 .text.ssd1306_Clear
                0x00007c38        0xa build/ancit_oled_driver.o
                0x00007c38                ssd1306_Clear
 .text.ssd1306_SetContrast
                0x00007c42       0x12 build/ancit_oled_driver.o
                0x00007c42                ssd1306_SetContrast
 .text.ssd1306_SetDisplayOn
                0x00007c54       0x24 build/ancit_oled_driver.o
                0x00007c54                ssd1306_SetDisplayOn
 .text.ssd1306_Init
                0x00007c78       0xd0 build/ancit_oled_driver.o
                0x00007c78                ssd1306_Init
 .text.ssd1306_WriteChar
                0x00007d48       0xdc build/ancit_oled_driver.o
                0x00007d48                ssd1306_WriteChar
 .text.ssd1306_WriteString
                0x00007e24       0x50 build/ancit_oled_driver.o
                0x00007e24                ssd1306_WriteString
 .text.clear_all_updated_flags
                0x00007e74       0x28 build/ancit_oled_handler.o
 .text.ancit_oled_get_font
                0x00007e9c       0x78 build/ancit_oled_handler.o
                0x00007e9c                ancit_oled_get_font
 .text.ancit_oled_update_all_variables
                0x00007f14       0x90 build/ancit_oled_handler.o
 .text.ancit_oled_handler_init
                0x00007fa4       0xdc build/ancit_oled_handler.o
                0x00007fa4                ancit_oled_handler_init
 .text.ancit_oled_handler_main
                0x00008080      0x168 build/ancit_oled_handler.o
                0x00008080                ancit_oled_handler_main
 .text.ACC_step
                0x000081e8      0x2a4 build/ACC.o
                0x000081e8                ACC_step
 *fill*         0x0000848c        0x4 
 .text.ACC_initialize
                0x00008490       0xcc build/ACC.o
                0x00008490                ACC_initialize
 .text.ancit_smartkit_dc
                0x0000855c      0x1dc build/SK_DC.o
                0x0000855c                ancit_smartkit_dc
 .text.ancit_can_rx_notification_ROVER_VEHICLE_CMD
                0x00008738       0x84 build/genx_can_rx.o
                0x00008738                ancit_can_rx_notification_ROVER_VEHICLE_CMD
 .text.ancit_can_rx_notification_ROVER_ACC_PARAM
                0x000087bc       0x78 build/genx_can_rx.o
                0x000087bc                ancit_can_rx_notification_ROVER_ACC_PARAM
 .text.genx_can_rx_init
                0x00008834       0x20 build/genx_can_rx.o
                0x00008834                genx_can_rx_init
 *fill*         0x00008854        0x4 
 .text.ancit_can_setup_tx_message_IDS_Alert
                0x00008858       0x90 build/genx_can_tx.o
                0x00008858                ancit_can_setup_tx_message_IDS_Alert
 .text.ancit_can_setup_tx_message_ROVER_ACC_STATUS
                0x000088e8       0x80 build/genx_can_tx.o
                0x000088e8                ancit_can_setup_tx_message_ROVER_ACC_STATUS
 .text.genx_can_tx_init
                0x00008968       0x24 build/genx_can_tx.o
                0x00008968                genx_can_tx_init
 .text.genx_global_init
                0x0000898c       0x2c build/genx_common.o
                0x0000898c                genx_global_init
 .text.genx_clock_init
                0x000089b8       0x44 build/genx_common.o
                0x000089b8                genx_clock_init
 .text.genx_do_init
                0x000089fc       0x14 build/genx_do.o
                0x000089fc                genx_do_init
 .text.genx_i2c_manager_init
                0x00008a10       0x1c build/genx_i2c_manager.o
                0x00008a10                genx_i2c_manager_init
 .text.genx_i2c_manager_main
                0x00008a2c        0xc build/genx_i2c_manager.o
                0x00008a2c                genx_i2c_manager_main
 .text.genx_ids_send_alert_frame
                0x00008a38       0x5e build/genx_ids.o
 *fill*         0x00008a96        0x2 
 .text.genx_ids_init
                0x00008a98       0x78 build/genx_ids.o
                0x00008a98                genx_ids_init
 .text.genx_ids_check_whitelist
                0x00008b10       0x1a build/genx_ids.o
                0x00008b10                genx_ids_check_whitelist
 *fill*         0x00008b2a        0x2 
 .text.genx_ids_report_violation
                0x00008b2c       0x40 build/genx_ids.o
                0x00008b2c                genx_ids_report_violation
 .text.genx_ids_check_message
                0x00008b6c       0xd4 build/genx_ids.o
                0x00008b6c                genx_ids_check_message
 .text.genx_ids_check_signal_ranges
                0x00008c40       0xa0 build/genx_ids.o
                0x00008c40                genx_ids_check_signal_ranges
 .text.genx_ids_main
                0x00008ce0       0xc4 build/genx_ids.o
                0x00008ce0                genx_ids_main
 .text.genx_ids_alert_ids_alert_pack
                0x00008da4       0x56 build/genx_ids_alert.o
                0x00008da4                genx_ids_alert_ids_alert_pack
 .text.genx_ids_alert_ids_alert_init
                0x00008dfa       0x14 build/genx_ids_alert.o
                0x00008dfa                genx_ids_alert_ids_alert_init
 .text.genx_ids_alert_ids_alert_violation_type_encode
                0x00008e0e        0xe build/genx_ids_alert.o
                0x00008e0e                genx_ids_alert_ids_alert_violation_type_encode
 .text.genx_ids_alert_ids_alert_offending_id_encode
                0x00008e1c        0xc build/genx_ids_alert.o
                0x00008e1c                genx_ids_alert_ids_alert_offending_id_encode
 .text.genx_ids_alert_ids_alert_reserved1_encode
                0x00008e28        0xe build/genx_ids_alert.o
                0x00008e28                genx_ids_alert_ids_alert_reserved1_encode
 .text.genx_ids_alert_ids_alert_reserved2_encode
                0x00008e36        0xe build/genx_ids_alert.o
                0x00008e36                genx_ids_alert_ids_alert_reserved2_encode
 .text.genx_ids_alert_ids_alert_reserved3_encode
                0x00008e44        0xe build/genx_ids_alert.o
                0x00008e44                genx_ids_alert_ids_alert_reserved3_encode
 *fill*         0x00008e52        0x2 
 .text.OLED_Ultra_Distance_get_formatted_val
                0x00008e54       0x18 build/genx_oled.o
                0x00008e54                OLED_Ultra_Distance_get_formatted_val
 .text.OLED_Vset_get_formatted_val
                0x00008e6c       0x18 build/genx_oled.o
                0x00008e6c                OLED_Vset_get_formatted_val
 .text.OLED_Dmin_get_formatted_val
                0x00008e84       0x18 build/genx_oled.o
                0x00008e84                OLED_Dmin_get_formatted_val
 .text.OLED_PWM_get_formatted_val
                0x00008e9c       0x18 build/genx_oled.o
                0x00008e9c                OLED_PWM_get_formatted_val
 .text.genx_oled_init
                0x00008eb4       0x18 build/genx_oled.o
                0x00008eb4                genx_oled_init
 .text.genx_oled_main
                0x00008ecc        0x8 build/genx_oled.o
                0x00008ecc                genx_oled_main
 .text.genx_PWM_LFM_EnableOutput
                0x00008ed4        0xc build/genx_pwm.o
                0x00008ed4                genx_PWM_LFM_EnableOutput
 .text.genx_PWM_LFM_updateDutyCycle
                0x00008ee0        0xe build/genx_pwm.o
                0x00008ee0                genx_PWM_LFM_updateDutyCycle
 .text.genx_PWM_LBM_EnableOutput
                0x00008eee        0xc build/genx_pwm.o
                0x00008eee                genx_PWM_LBM_EnableOutput
 .text.genx_PWM_LBM_updateDutyCycle
                0x00008efa        0xe build/genx_pwm.o
                0x00008efa                genx_PWM_LBM_updateDutyCycle
 .text.genx_PWM_RFM_EnableOutput
                0x00008f08        0xc build/genx_pwm.o
                0x00008f08                genx_PWM_RFM_EnableOutput
 .text.genx_PWM_RFM_updateDutyCycle
                0x00008f14        0xe build/genx_pwm.o
                0x00008f14                genx_PWM_RFM_updateDutyCycle
 .text.genx_PWM_RBM_EnableOutput
                0x00008f22        0xc build/genx_pwm.o
                0x00008f22                genx_PWM_RBM_EnableOutput
 .text.genx_PWM_RBM_updateDutyCycle
                0x00008f2e        0xe build/genx_pwm.o
                0x00008f2e                genx_PWM_RBM_updateDutyCycle
 .text.genx_PWM_Init
                0x00008f3c       0x30 build/genx_pwm.o
                0x00008f3c                genx_PWM_Init
 .text.Task_10ms
                0x00008f6c        0x2 build/genx_scheduler.o
                0x00008f6c                Task_10ms
 .text.Task_OnStart
                0x00008f6e        0x8 build/genx_scheduler.o
                0x00008f6e                Task_OnStart
 .text.Task_1ms
                0x00008f76        0x8 build/genx_scheduler.o
                0x00008f76                Task_1ms
 *fill*         0x00008f7e        0x2 
 .text.Task_While
                0x00008f80       0x18 build/genx_scheduler.o
                0x00008f80                Task_While
 .text.genx_scheduler_init
                0x00008f98       0x18 build/genx_scheduler.o
                0x00008f98                genx_scheduler_init
 .text.ANCIT_App_Init
                0x00008fb0        0x8 build/genx_simulink_bridge.o
                0x00008fb0                ANCIT_App_Init
 .text.ANCIT_App_PreStep
                0x00008fb8       0x30 build/genx_simulink_bridge.o
                0x00008fb8                ANCIT_App_PreStep
 .text.ANCIT_App_PreStep_Dspace
                0x00008fe8       0x40 build/genx_simulink_bridge.o
                0x00008fe8                ANCIT_App_PreStep_Dspace
 .text.ANCIT_App_PostStep
                0x00009028       0x1c build/genx_simulink_bridge.o
                0x00009028                ANCIT_App_PostStep
 .text.main     0x00009044       0x54 build/main.o
                0x00009044                main
 .text.rt_GetSizeofDataType
                0x00009098       0x4a build/rt_logging.o
 .text.rt_GetSizeofComplexType
                0x000090e2       0x48 build/rt_logging.o
 .text.rt_GetNonBoolMxIdFromDTypeId
                0x0000912a       0x3a build/rt_logging.o
 .text.rt_DestroyLogVar
                0x00009164       0x78 build/rt_logging.o
 .text.rt_DestroyStructLogVar
                0x000091dc       0x7a build/rt_logging.o
 *fill*         0x00009256        0x2 
 .text.rt_ReallocLogVar
                0x00009258      0x264 build/rt_logging.o
 .text.rt_LoadModifiedLogVarName
                0x000094bc       0x74 build/rt_logging.o
 .text.rt_GetDblValueFromOverSizedData
                0x00009530      0x108 build/rt_logging.o
 .text.rt_GetMxIdFromDTypeId
                0x00009638       0x10 build/rt_logging.o
                0x00009638                rt_GetMxIdFromDTypeId
 .text.rt_UpdateLogVarWithDiscontiguousData
                0x00009648      0x20c build/rt_logging.o
                0x00009648                rt_UpdateLogVarWithDiscontiguousData
 *fill*         0x00009854        0x4 
 .text.rt_CreateLogVarWithConvert
                0x00009858      0x71c build/rt_logging.o
                0x00009858                rt_CreateLogVarWithConvert
 .text.local_CreateStructLogVar
                0x00009f74      0xca8 build/rt_logging.o
 .text.rt_StartDataLoggingWithStartTime
                0x0000ac1c      0x5d4 build/rt_logging.o
                0x0000ac1c                rt_StartDataLoggingWithStartTime
 .text.rt_UpdateLogVar
                0x0000b1f0      0xc4c build/rt_logging.o
                0x0000b1f0                rt_UpdateLogVar
 .text.rt_getTempMemory
                0x0000be3c       0x2c build/rt_logging.o
                0x0000be3c                rt_getTempMemory
 .text.rt_preProcessAndLogDataWithIndex
                0x0000be68       0x58 build/rt_logging.o
                0x0000be68                rt_preProcessAndLogDataWithIndex
 .text.rt_UpdateTXXFYLogVars
                0x0000bec0      0x2ac build/rt_logging.o
                0x0000bec0                rt_UpdateTXXFYLogVars
 .text.rt_UpdateTXYLogVars
                0x0000c16c        0xa build/rt_logging.o
                0x0000c16c                rt_UpdateTXYLogVars
 .text.smartwheels_rover_rover_acc_status_pack
                0x0000c176       0x3a build/smartwheels_rover.o
                0x0000c176                smartwheels_rover_rover_acc_status_pack
 .text.smartwheels_rover_rover_acc_status_pwm_encode
                0x0000c1b0        0xe build/smartwheels_rover.o
                0x0000c1b0                smartwheels_rover_rover_acc_status_pwm_encode
 .text.smartwheels_rover_rover_acc_status_real_vset_encode
                0x0000c1be        0xe build/smartwheels_rover.o
                0x0000c1be                smartwheels_rover_rover_acc_status_real_vset_encode
 .text.smartwheels_rover_rover_acc_status_real_dmin_encode
                0x0000c1cc        0xe build/smartwheels_rover.o
                0x0000c1cc                smartwheels_rover_rover_acc_status_real_dmin_encode
 .text.smartwheels_rover_rover_acc_status_real_obj_encode
                0x0000c1da        0xe build/smartwheels_rover.o
                0x0000c1da                smartwheels_rover_rover_acc_status_real_obj_encode
 .text.smartwheels_rover_rover_acc_param_unpack
                0x0000c1e8       0x22 build/smartwheels_rover.o
                0x0000c1e8                smartwheels_rover_rover_acc_param_unpack
 .text.smartwheels_rover_rover_vehicle_cmd_unpack
                0x0000c20a       0x2a build/smartwheels_rover.o
                0x0000c20a                smartwheels_rover_rover_vehicle_cmd_unpack
 .text.calloc   0x0000c234       0x10 D:/NXP/S32DS/build_tools/gcc_b1620/gcc-6.3-arm32-eabi/arm-none-eabi/newlib/lib/thumb/v7e-m/fpv4-sp/hard\libc.a(lib_a-calloc.o)
                0x0000c234                calloc
 .text._calloc_r
                0x0000c244       0x5a D:/NXP/S32DS/build_tools/gcc_b1620/gcc-6.3-arm32-eabi/arm-none-eabi/newlib/lib/thumb/v7e-m/fpv4-sp/hard\libc.a(lib_a-callocr.o)
                0x0000c244                _calloc_r
 *fill*         0x0000c29e        0x2 
 .text.exit     0x0000c2a0       0x20 D:/NXP/S32DS/build_tools/gcc_b1620/gcc-6.3-arm32-eabi/arm-none-eabi/newlib/lib/thumb/v7e-m/fpv4-sp/hard\libc.a(lib_a-exit.o)
                0x0000c2a0                exit
 .text._fclose_r
                0x0000c2c0       0x74 D:/NXP/S32DS/build_tools/gcc_b1620/gcc-6.3-arm32-eabi/arm-none-eabi/newlib/lib/thumb/v7e-m/fpv4-sp/hard\libc.a(lib_a-fclose.o)
                0x0000c2c0                _fclose_r
 .text.__sflush_r
                0x0000c334      0x124 D:/NXP/S32DS/build_tools/gcc_b1620/gcc-6.3-arm32-eabi/arm-none-eabi/newlib/lib/thumb/v7e-m/fpv4-sp/hard\libc.a(lib_a-fflush.o)
                0x0000c334                __sflush_r
 .text._fflush_r
                0x0000c458       0x24 D:/NXP/S32DS/build_tools/gcc_b1620/gcc-6.3-arm32-eabi/arm-none-eabi/newlib/lib/thumb/v7e-m/fpv4-sp/hard\libc.a(lib_a-fflush.o)
                0x0000c458                _fflush_r
 .text.std      0x0000c47c       0x48 D:/NXP/S32DS/build_tools/gcc_b1620/gcc-6.3-arm32-eabi/arm-none-eabi/newlib/lib/thumb/v7e-m/fpv4-sp/hard\libc.a(lib_a-findfp.o)
 .text._cleanup_r
                0x0000c4c4        0xc D:/NXP/S32DS/build_tools/gcc_b1620/gcc-6.3-arm32-eabi/arm-none-eabi/newlib/lib/thumb/v7e-m/fpv4-sp/hard\libc.a(lib_a-findfp.o)
                0x0000c4c4                _cleanup_r
 .text.__sinit  0x0000c4d0       0x44 D:/NXP/S32DS/build_tools/gcc_b1620/gcc-6.3-arm32-eabi/arm-none-eabi/newlib/lib/thumb/v7e-m/fpv4-sp/hard\libc.a(lib_a-findfp.o)
                0x0000c4d0                __sinit
 .text.fprintf  0x0000c514       0x24 D:/NXP/S32DS/build_tools/gcc_b1620/gcc-6.3-arm32-eabi/arm-none-eabi/newlib/lib/thumb/v7e-m/fpv4-sp/hard\libc.a(lib_a-fprintf.o)
                0x0000c514                fprintf
 .text._malloc_trim_r
                0x0000c538       0xa0 D:/NXP/S32DS/build_tools/gcc_b1620/gcc-6.3-arm32-eabi/arm-none-eabi/newlib/lib/thumb/v7e-m/fpv4-sp/hard\libc.a(lib_a-freer.o)
                0x0000c538                _malloc_trim_r
 .text._free_r  0x0000c5d8      0x178 D:/NXP/S32DS/build_tools/gcc_b1620/gcc-6.3-arm32-eabi/arm-none-eabi/newlib/lib/thumb/v7e-m/fpv4-sp/hard\libc.a(lib_a-freer.o)
                0x0000c5d8                _free_r
 .text._fstat_r
                0x0000c750       0x24 D:/NXP/S32DS/build_tools/gcc_b1620/gcc-6.3-arm32-eabi/arm-none-eabi/newlib/lib/thumb/v7e-m/fpv4-sp/hard\libc.a(lib_a-fstatr.o)
                0x0000c750                _fstat_r
 .text._fwalk_reent
                0x0000c774       0x3c D:/NXP/S32DS/build_tools/gcc_b1620/gcc-6.3-arm32-eabi/arm-none-eabi/newlib/lib/thumb/v7e-m/fpv4-sp/hard\libc.a(lib_a-fwalk.o)
                0x0000c774                _fwalk_reent
 .text._fwrite_r
                0x0000c7b0       0x5c D:/NXP/S32DS/build_tools/gcc_b1620/gcc-6.3-arm32-eabi/arm-none-eabi/newlib/lib/thumb/v7e-m/fpv4-sp/hard\libc.a(lib_a-fwrite.o)
                0x0000c7b0                _fwrite_r
 .text.fwrite   0x0000c80c       0x1c D:/NXP/S32DS/build_tools/gcc_b1620/gcc-6.3-arm32-eabi/arm-none-eabi/newlib/lib/thumb/v7e-m/fpv4-sp/hard\libc.a(lib_a-fwrite.o)
                0x0000c80c                fwrite
 .text.__swhatbuf_r
                0x0000c828       0x56 D:/NXP/S32DS/build_tools/gcc_b1620/gcc-6.3-arm32-eabi/arm-none-eabi/newlib/lib/thumb/v7e-m/fpv4-sp/hard\libc.a(lib_a-makebuf.o)
                0x0000c828                __swhatbuf_r
 *fill*         0x0000c87e        0x2 
 .text.__smakebuf_r
                0x0000c880       0x80 D:/NXP/S32DS/build_tools/gcc_b1620/gcc-6.3-arm32-eabi/arm-none-eabi/newlib/lib/thumb/v7e-m/fpv4-sp/hard\libc.a(lib_a-makebuf.o)
                0x0000c880                __smakebuf_r
 .text.malloc   0x0000c900       0x10 D:/NXP/S32DS/build_tools/gcc_b1620/gcc-6.3-arm32-eabi/arm-none-eabi/newlib/lib/thumb/v7e-m/fpv4-sp/hard\libc.a(lib_a-malloc.o)
                0x0000c900                malloc
 .text.free     0x0000c910       0x10 D:/NXP/S32DS/build_tools/gcc_b1620/gcc-6.3-arm32-eabi/arm-none-eabi/newlib/lib/thumb/v7e-m/fpv4-sp/hard\libc.a(lib_a-malloc.o)
                0x0000c910                free
 .text._malloc_r
                0x0000c920      0x454 D:/NXP/S32DS/build_tools/gcc_b1620/gcc-6.3-arm32-eabi/arm-none-eabi/newlib/lib/thumb/v7e-m/fpv4-sp/hard\libc.a(lib_a-mallocr.o)
                0x0000c920                _malloc_r
 .text.memcpy   0x0000cd74       0x1c D:/NXP/S32DS/build_tools/gcc_b1620/gcc-6.3-arm32-eabi/arm-none-eabi/newlib/lib/thumb/v7e-m/fpv4-sp/hard\libc.a(lib_a-memcpy-stub.o)
                0x0000cd74                memcpy
 .text.memmove  0x0000cd90       0x34 D:/NXP/S32DS/build_tools/gcc_b1620/gcc-6.3-arm32-eabi/arm-none-eabi/newlib/lib/thumb/v7e-m/fpv4-sp/hard\libc.a(lib_a-memmove.o)
                0x0000cd90                memmove
 .text.memset   0x0000cdc4       0x10 D:/NXP/S32DS/build_tools/gcc_b1620/gcc-6.3-arm32-eabi/arm-none-eabi/newlib/lib/thumb/v7e-m/fpv4-sp/hard\libc.a(lib_a-memset.o)
                0x0000cdc4                memset
 .text.__malloc_lock
                0x0000cdd4        0x2 D:/NXP/S32DS/build_tools/gcc_b1620/gcc-6.3-arm32-eabi/arm-none-eabi/newlib/lib/thumb/v7e-m/fpv4-sp/hard\libc.a(lib_a-mlock.o)
                0x0000cdd4                __malloc_lock
 .text.__malloc_unlock
                0x0000cdd6        0x2 D:/NXP/S32DS/build_tools/gcc_b1620/gcc-6.3-arm32-eabi/arm-none-eabi/newlib/lib/thumb/v7e-m/fpv4-sp/hard\libc.a(lib_a-mlock.o)
                0x0000cdd6                __malloc_unlock
 .text.realloc  0x0000cdd8       0x10 D:/NXP/S32DS/build_tools/gcc_b1620/gcc-6.3-arm32-eabi/arm-none-eabi/newlib/lib/thumb/v7e-m/fpv4-sp/hard\libc.a(lib_a-realloc.o)
                0x0000cdd8                realloc
 .text._realloc_r
                0x0000cde8      0x300 D:/NXP/S32DS/build_tools/gcc_b1620/gcc-6.3-arm32-eabi/arm-none-eabi/newlib/lib/thumb/v7e-m/fpv4-sp/hard\libc.a(lib_a-reallocr.o)
                0x0000cde8                _realloc_r
 .text._sbrk_r  0x0000d0e8       0x20 D:/NXP/S32DS/build_tools/gcc_b1620/gcc-6.3-arm32-eabi/arm-none-eabi/newlib/lib/thumb/v7e-m/fpv4-sp/hard\libc.a(lib_a-sbrkr.o)
                0x0000d0e8                _sbrk_r
 .text.ldexp    0x0000d108       0x64 D:/NXP/S32DS/build_tools/gcc_b1620/gcc-6.3-arm32-eabi/arm-none-eabi/newlib/lib/thumb/v7e-m/fpv4-sp/hard\libc.a(lib_a-s_ldexp.o)
                0x0000d108                ldexp
 .text.snprintf
                0x0000d16c       0x68 D:/NXP/S32DS/build_tools/gcc_b1620/gcc-6.3-arm32-eabi/arm-none-eabi/newlib/lib/thumb/v7e-m/fpv4-sp/hard\libc.a(lib_a-snprintf.o)
                0x0000d16c                snprintf
 *fill*         0x0000d1d4        0x4 
 .text.scalbn   0x0000d1d8      0x10c D:/NXP/S32DS/build_tools/gcc_b1620/gcc-6.3-arm32-eabi/arm-none-eabi/newlib/lib/thumb/v7e-m/fpv4-sp/hard\libc.a(lib_a-s_scalbn.o)
                0x0000d1d8                scalbn
 .text.__sread  0x0000d2e4       0x22 D:/NXP/S32DS/build_tools/gcc_b1620/gcc-6.3-arm32-eabi/arm-none-eabi/newlib/lib/thumb/v7e-m/fpv4-sp/hard\libc.a(lib_a-stdio.o)
                0x0000d2e4                __sread
 .text.__swrite
                0x0000d306       0x38 D:/NXP/S32DS/build_tools/gcc_b1620/gcc-6.3-arm32-eabi/arm-none-eabi/newlib/lib/thumb/v7e-m/fpv4-sp/hard\libc.a(lib_a-stdio.o)
                0x0000d306                __swrite
 .text.__sseek  0x0000d33e       0x24 D:/NXP/S32DS/build_tools/gcc_b1620/gcc-6.3-arm32-eabi/arm-none-eabi/newlib/lib/thumb/v7e-m/fpv4-sp/hard\libc.a(lib_a-stdio.o)
                0x0000d33e                __sseek
 .text.__sclose
                0x0000d362        0x8 D:/NXP/S32DS/build_tools/gcc_b1620/gcc-6.3-arm32-eabi/arm-none-eabi/newlib/lib/thumb/v7e-m/fpv4-sp/hard\libc.a(lib_a-stdio.o)
                0x0000d362                __sclose
 .text.strchr   0x0000d36a       0x1c D:/NXP/S32DS/build_tools/gcc_b1620/gcc-6.3-arm32-eabi/arm-none-eabi/newlib/lib/thumb/v7e-m/fpv4-sp/hard\libc.a(lib_a-strchr.o)
                0x0000d36a                strchr
 .text.strncat  0x0000d386       0x28 D:/NXP/S32DS/build_tools/gcc_b1620/gcc-6.3-arm32-eabi/arm-none-eabi/newlib/lib/thumb/v7e-m/fpv4-sp/hard\libc.a(lib_a-strncat.o)
                0x0000d386                strncat
 .text.strncpy  0x0000d3ae       0x2a D:/NXP/S32DS/build_tools/gcc_b1620/gcc-6.3-arm32-eabi/arm-none-eabi/newlib/lib/thumb/v7e-m/fpv4-sp/hard\libc.a(lib_a-strncpy.o)
                0x0000d3ae                strncpy
 .text._svfprintf_r
                0x0000d3d8      0xfb4 D:/NXP/S32DS/build_tools/gcc_b1620/gcc-6.3-arm32-eabi/arm-none-eabi/newlib/lib/thumb/v7e-m/fpv4-sp/hard\libc.a(lib_a-svfprintf.o)
                0x0000d3d8                _svfprintf_r
 *fill*         0x0000e38c        0x4 
 .text._vfprintf_r
                0x0000e390      0xff0 D:/NXP/S32DS/build_tools/gcc_b1620/gcc-6.3-arm32-eabi/arm-none-eabi/newlib/lib/thumb/v7e-m/fpv4-sp/hard\libc.a(lib_a-vfprintf.o)
                0x0000e390                _vfprintf_r
 .text.__sbprintf
                0x0000f380       0x6c D:/NXP/S32DS/build_tools/gcc_b1620/gcc-6.3-arm32-eabi/arm-none-eabi/newlib/lib/thumb/v7e-m/fpv4-sp/hard\libc.a(lib_a-vfprintf.o)
 .text._write_r
                0x0000f3ec       0x24 D:/NXP/S32DS/build_tools/gcc_b1620/gcc-6.3-arm32-eabi/arm-none-eabi/newlib/lib/thumb/v7e-m/fpv4-sp/hard\libc.a(lib_a-writer.o)
                0x0000f3ec                _write_r
 .text.__swsetup_r
                0x0000f410       0xb0 D:/NXP/S32DS/build_tools/gcc_b1620/gcc-6.3-arm32-eabi/arm-none-eabi/newlib/lib/thumb/v7e-m/fpv4-sp/hard\libc.a(lib_a-wsetup.o)
                0x0000f410                __swsetup_r
 .text.__call_exitprocs
                0x0000f4c0       0x98 D:/NXP/S32DS/build_tools/gcc_b1620/gcc-6.3-arm32-eabi/arm-none-eabi/newlib/lib/thumb/v7e-m/fpv4-sp/hard\libc.a(lib_a-__call_atexit.o)
                0x0000f4c0                __call_exitprocs
 .text._close_r
                0x0000f558       0x20 D:/NXP/S32DS/build_tools/gcc_b1620/gcc-6.3-arm32-eabi/arm-none-eabi/newlib/lib/thumb/v7e-m/fpv4-sp/hard\libc.a(lib_a-closer.o)
                0x0000f558                _close_r
 .text.quorem   0x0000f578      0x118 D:/NXP/S32DS/build_tools/gcc_b1620/gcc-6.3-arm32-eabi/arm-none-eabi/newlib/lib/thumb/v7e-m/fpv4-sp/hard\libc.a(lib_a-dtoa.o)
 .text._dtoa_r  0x0000f690      0xb64 D:/NXP/S32DS/build_tools/gcc_b1620/gcc-6.3-arm32-eabi/arm-none-eabi/newlib/lib/thumb/v7e-m/fpv4-sp/hard\libc.a(lib_a-dtoa.o)
                0x0000f690                _dtoa_r
 .text.__errno  0x000101f4        0xc D:/NXP/S32DS/build_tools/gcc_b1620/gcc-6.3-arm32-eabi/arm-none-eabi/newlib/lib/thumb/v7e-m/fpv4-sp/hard\libc.a(lib_a-errno.o)
                0x000101f4                __errno
 .text.__sfvwrite_r
                0x00010200      0x29c D:/NXP/S32DS/build_tools/gcc_b1620/gcc-6.3-arm32-eabi/arm-none-eabi/newlib/lib/thumb/v7e-m/fpv4-sp/hard\libc.a(lib_a-fvwrite.o)
                0x00010200                __sfvwrite_r
 .text._isatty_r
                0x0001049c       0x20 D:/NXP/S32DS/build_tools/gcc_b1620/gcc-6.3-arm32-eabi/arm-none-eabi/newlib/lib/thumb/v7e-m/fpv4-sp/hard\libc.a(lib_a-isattyr.o)
                0x0001049c                _isatty_r
 .text._localeconv_r
                0x000104bc        0x8 D:/NXP/S32DS/build_tools/gcc_b1620/gcc-6.3-arm32-eabi/arm-none-eabi/newlib/lib/thumb/v7e-m/fpv4-sp/hard\libc.a(lib_a-localeconv.o)
                0x000104bc                _localeconv_r
 .text.__locale_mb_cur_max
                0x000104c4        0xc D:/NXP/S32DS/build_tools/gcc_b1620/gcc-6.3-arm32-eabi/arm-none-eabi/newlib/lib/thumb/v7e-m/fpv4-sp/hard\libc.a(lib_a-locale.o)
                0x000104c4                __locale_mb_cur_max
 .text._lseek_r
                0x000104d0       0x24 D:/NXP/S32DS/build_tools/gcc_b1620/gcc-6.3-arm32-eabi/arm-none-eabi/newlib/lib/thumb/v7e-m/fpv4-sp/hard\libc.a(lib_a-lseekr.o)
                0x000104d0                _lseek_r
 .text.__ascii_mbtowc
                0x000104f4       0x24 D:/NXP/S32DS/build_tools/gcc_b1620/gcc-6.3-arm32-eabi/arm-none-eabi/newlib/lib/thumb/v7e-m/fpv4-sp/hard\libc.a(lib_a-mbtowc_r.o)
                0x000104f4                __ascii_mbtowc
 .text._Balloc  0x00010518       0x4a D:/NXP/S32DS/build_tools/gcc_b1620/gcc-6.3-arm32-eabi/arm-none-eabi/newlib/lib/thumb/v7e-m/fpv4-sp/hard\libc.a(lib_a-mprec.o)
                0x00010518                _Balloc
 .text._Bfree   0x00010562       0x12 D:/NXP/S32DS/build_tools/gcc_b1620/gcc-6.3-arm32-eabi/arm-none-eabi/newlib/lib/thumb/v7e-m/fpv4-sp/hard\libc.a(lib_a-mprec.o)
                0x00010562                _Bfree
 .text.__multadd
                0x00010574       0x76 D:/NXP/S32DS/build_tools/gcc_b1620/gcc-6.3-arm32-eabi/arm-none-eabi/newlib/lib/thumb/v7e-m/fpv4-sp/hard\libc.a(lib_a-mprec.o)
                0x00010574                __multadd
 .text.__hi0bits
                0x000105ea       0x3e D:/NXP/S32DS/build_tools/gcc_b1620/gcc-6.3-arm32-eabi/arm-none-eabi/newlib/lib/thumb/v7e-m/fpv4-sp/hard\libc.a(lib_a-mprec.o)
                0x000105ea                __hi0bits
 .text.__lo0bits
                0x00010628       0x5e D:/NXP/S32DS/build_tools/gcc_b1620/gcc-6.3-arm32-eabi/arm-none-eabi/newlib/lib/thumb/v7e-m/fpv4-sp/hard\libc.a(lib_a-mprec.o)
                0x00010628                __lo0bits
 .text.__i2b    0x00010686       0x12 D:/NXP/S32DS/build_tools/gcc_b1620/gcc-6.3-arm32-eabi/arm-none-eabi/newlib/lib/thumb/v7e-m/fpv4-sp/hard\libc.a(lib_a-mprec.o)
                0x00010686                __i2b
 .text.__multiply
                0x00010698      0x11a D:/NXP/S32DS/build_tools/gcc_b1620/gcc-6.3-arm32-eabi/arm-none-eabi/newlib/lib/thumb/v7e-m/fpv4-sp/hard\libc.a(lib_a-mprec.o)
                0x00010698                __multiply
 *fill*         0x000107b2        0x2 
 .text.__pow5mult
                0x000107b4       0x80 D:/NXP/S32DS/build_tools/gcc_b1620/gcc-6.3-arm32-eabi/arm-none-eabi/newlib/lib/thumb/v7e-m/fpv4-sp/hard\libc.a(lib_a-mprec.o)
                0x000107b4                __pow5mult
 .text.__lshift
                0x00010834       0xa2 D:/NXP/S32DS/build_tools/gcc_b1620/gcc-6.3-arm32-eabi/arm-none-eabi/newlib/lib/thumb/v7e-m/fpv4-sp/hard\libc.a(lib_a-mprec.o)
                0x00010834                __lshift
 .text.__mcmp   0x000108d6       0x34 D:/NXP/S32DS/build_tools/gcc_b1620/gcc-6.3-arm32-eabi/arm-none-eabi/newlib/lib/thumb/v7e-m/fpv4-sp/hard\libc.a(lib_a-mprec.o)
                0x000108d6                __mcmp
 .text.__mdiff  0x0001090a       0xbc D:/NXP/S32DS/build_tools/gcc_b1620/gcc-6.3-arm32-eabi/arm-none-eabi/newlib/lib/thumb/v7e-m/fpv4-sp/hard\libc.a(lib_a-mprec.o)
                0x0001090a                __mdiff
 .text.__d2b    0x000109c6       0x9e D:/NXP/S32DS/build_tools/gcc_b1620/gcc-6.3-arm32-eabi/arm-none-eabi/newlib/lib/thumb/v7e-m/fpv4-sp/hard\libc.a(lib_a-mprec.o)
                0x000109c6                __d2b
 .text._read_r  0x00010a64       0x24 D:/NXP/S32DS/build_tools/gcc_b1620/gcc-6.3-arm32-eabi/arm-none-eabi/newlib/lib/thumb/v7e-m/fpv4-sp/hard\libc.a(lib_a-readr.o)
                0x00010a64                _read_r
 .text.finite   0x00010a88       0x10 D:/NXP/S32DS/build_tools/gcc_b1620/gcc-6.3-arm32-eabi/arm-none-eabi/newlib/lib/thumb/v7e-m/fpv4-sp/hard\libc.a(lib_a-s_finite.o)
                0x00010a88                finite
 .text.__ssprint_r
                0x00010a98       0xf4 D:/NXP/S32DS/build_tools/gcc_b1620/gcc-6.3-arm32-eabi/arm-none-eabi/newlib/lib/thumb/v7e-m/fpv4-sp/hard\libc.a(lib_a-svfiprintf.o)
                0x00010a98                __ssprint_r
 .text.__sprint_r
                0x00010b8c       0x6a D:/NXP/S32DS/build_tools/gcc_b1620/gcc-6.3-arm32-eabi/arm-none-eabi/newlib/lib/thumb/v7e-m/fpv4-sp/hard\libc.a(lib_a-vfiprintf.o)
                0x00010b8c                __sprint_r
 .text.__ascii_wctomb
                0x00010bf6       0x1a D:/NXP/S32DS/build_tools/gcc_b1620/gcc-6.3-arm32-eabi/arm-none-eabi/newlib/lib/thumb/v7e-m/fpv4-sp/hard\libc.a(lib_a-wctomb_r.o)
                0x00010bf6                __ascii_wctomb
 .text.__fputwc
                0x00010c10       0x82 D:/NXP/S32DS/build_tools/gcc_b1620/gcc-6.3-arm32-eabi/arm-none-eabi/newlib/lib/thumb/v7e-m/fpv4-sp/hard\libc.a(lib_a-fputwc.o)
                0x00010c10                __fputwc
 .text._fputwc_r
                0x00010c92       0x1c D:/NXP/S32DS/build_tools/gcc_b1620/gcc-6.3-arm32-eabi/arm-none-eabi/newlib/lib/thumb/v7e-m/fpv4-sp/hard\libc.a(lib_a-fputwc.o)
                0x00010c92                _fputwc_r
 .text.__swbuf_r
                0x00010cae       0x92 D:/NXP/S32DS/build_tools/gcc_b1620/gcc-6.3-arm32-eabi/arm-none-eabi/newlib/lib/thumb/v7e-m/fpv4-sp/hard\libc.a(lib_a-wbuf.o)
                0x00010cae                __swbuf_r
 .text._wcrtomb_r
                0x00010d40       0x2c D:/NXP/S32DS/build_tools/gcc_b1620/gcc-6.3-arm32-eabi/arm-none-eabi/newlib/lib/thumb/v7e-m/fpv4-sp/hard\libc.a(lib_a-wcrtomb.o)
                0x00010d40                _wcrtomb_r
 *fill*         0x00010d6c        0x4 
 .text.floor    0x00010d70      0x108 D:/NXP/S32DS/build_tools/gcc_b1620/gcc-6.3-arm32-eabi/arm-none-eabi/newlib/lib/thumb/v7e-m/fpv4-sp/hard\libm.a(lib_a-s_floor.o)
                0x00010d70                floor
 .text._close   0x00010e78       0x10 D:/NXP/S32DS/build_tools/gcc_b1620/gcc-6.3-arm32-eabi/arm-none-eabi/newlib/lib/thumb/v7e-m/fpv4-sp/hard\libnosys.a(close.o)
                0x00010e78                _close
 .text._fstat   0x00010e88       0x10 D:/NXP/S32DS/build_tools/gcc_b1620/gcc-6.3-arm32-eabi/arm-none-eabi/newlib/lib/thumb/v7e-m/fpv4-sp/hard\libnosys.a(fstat.o)
                0x00010e88                _fstat
 .text._isatty  0x00010e98       0x10 D:/NXP/S32DS/build_tools/gcc_b1620/gcc-6.3-arm32-eabi/arm-none-eabi/newlib/lib/thumb/v7e-m/fpv4-sp/hard\libnosys.a(isatty.o)
                0x00010e98                _isatty
 .text._lseek   0x00010ea8       0x10 D:/NXP/S32DS/build_tools/gcc_b1620/gcc-6.3-arm32-eabi/arm-none-eabi/newlib/lib/thumb/v7e-m/fpv4-sp/hard\libnosys.a(lseek.o)
                0x00010ea8                _lseek
 .text._read    0x00010eb8       0x10 D:/NXP/S32DS/build_tools/gcc_b1620/gcc-6.3-arm32-eabi/arm-none-eabi/newlib/lib/thumb/v7e-m/fpv4-sp/hard\libnosys.a(read.o)
                0x00010eb8                _read
 .text._sbrk    0x00010ec8       0x1c D:/NXP/S32DS/build_tools/gcc_b1620/gcc-6.3-arm32-eabi/arm-none-eabi/newlib/lib/thumb/v7e-m/fpv4-sp/hard\libnosys.a(sbrk.o)
                0x00010ec8                _sbrk
 .text._write   0x00010ee4       0x10 D:/NXP/S32DS/build_tools/gcc_b1620/gcc-6.3-arm32-eabi/arm-none-eabi/newlib/lib/thumb/v7e-m/fpv4-sp/hard\libnosys.a(write.o)
                0x00010ee4                _write
 .text._exit    0x00010ef4        0x2 D:/NXP/S32DS/build_tools/gcc_b1620/gcc-6.3-arm32-eabi/arm-none-eabi/newlib/lib/thumb/v7e-m/fpv4-sp/hard\libnosys.a(_exit.o)
                0x00010ef4                _exit
 *(.rodata)
 *(.rodata*)
 *fill*         0x00010ef6        0x2 
 .rodata.clockNameMappings
                0x00010ef8       0x9e build/clock_S32K1xx.o
                0x00010ef8                clockNameMappings
 *fill*         0x00010f96        0x2 
 .rodata.maxSysClksInHSRUN.7631
                0x00010f98       0x54 build/clock_S32K1xx.o
 .rodata.maxSysClksInRUN.7630
                0x00010fec       0x54 build/clock_S32K1xx.o
 .rodata.maxSysClksInVLPR.7629
                0x00011040       0x54 build/clock_S32K1xx.o
 .rodata.peripheralFeaturesList
                0x00011094       0x4f build/clock_S32K1xx.o
                0x00011094                peripheralFeaturesList
 *fill*         0x000110e3        0x1 
 .rodata.fdInstances.7260
                0x000110e4        0x3 build/flexcan_driver.o
 *fill*         0x000110e7        0x1 
 .rodata.g_flexcanBase
                0x000110e8        0xc build/flexcan_driver.o
 .rodata.g_flexcanBusOffIrqId
                0x000110f4        0x3 build/flexcan_driver.o
 *fill*         0x000110f7        0x1 
 .rodata.g_flexcanErrorIrqId
                0x000110f8        0x3 build/flexcan_driver.o
 *fill*         0x000110fb        0x1 
 .rodata.g_flexcanOredMessageBufferIrqId
                0x000110fc        0x6 build/flexcan_driver.o
 *fill*         0x00011102        0x2 
 .rodata.g_flexcanWakeUpIrqId
                0x00011104        0x3 build/flexcan_driver.o
 *fill*         0x00011107        0x1 
 .rodata.payload_code.7358
                0x00011108       0x41 build/flexcan_hw_access.o
 *fill*         0x00011149        0x3 
 .rodata.g_ftmBase
                0x0001114c       0x10 build/ftm_common.o
                0x0001114c                g_ftmBase
 .rodata.g_ftmExtClockSel
                0x0001115c        0x4 build/ftm_common.o
 .rodata.g_ftmIrqId
                0x00011160       0x20 build/ftm_common.o
                0x00011160                g_ftmIrqId
 .rodata.g_ftmOverflowIrqId
                0x00011180        0x4 build/ftm_common.o
                0x00011180                g_ftmOverflowIrqId
 .rodata.g_lpi2cDMASrc
                0x00011184        0x2 build/lpi2c_driver.o
 *fill*         0x00011186        0x2 
 .rodata.Font11x18
                0x00011188      0xd5c build/ssd1306_fonts.o
 .rodata.Font16x15
                0x00011ee4      0xb22 build/ssd1306_fonts.o
 *fill*         0x00012a06        0x2 
 .rodata.Font16x24
                0x00012a08     0x11d0 build/ssd1306_fonts.o
 .rodata.Font16x26
                0x00013bd8     0x134c build/ssd1306_fonts.o
 .rodata.Font6x8
                0x00014f24      0x5f0 build/ssd1306_fonts.o
 .rodata.Font7x10
                0x00015514      0x76c build/ssd1306_fonts.o
 .rodata.Font_11x18
                0x00015c80        0xc build/ssd1306_fonts.o
                0x00015c80                Font_11x18
 .rodata.Font_16x15
                0x00015c8c        0xc build/ssd1306_fonts.o
                0x00015c8c                Font_16x15
 .rodata.Font_16x24
                0x00015c98        0xc build/ssd1306_fonts.o
                0x00015c98                Font_16x24
 .rodata.Font_16x26
                0x00015ca4        0xc build/ssd1306_fonts.o
                0x00015ca4                Font_16x26
 .rodata.Font_6x8
                0x00015cb0        0xc build/ssd1306_fonts.o
                0x00015cb0                Font_6x8
 .rodata.Font_7x10
                0x00015cbc        0xc build/ssd1306_fonts.o
                0x00015cbc                Font_7x10
 .rodata.char_width
                0x00015cc8       0x5f build/ssd1306_fonts.o
 *fill*         0x00015d27        0x1 
 .rodata.lptmr_1_config0
                0x00015d28       0x10 build/peripherals_lptmr_1.o
                0x00015d28                lptmr_1_config0
 .rodata.ACC_initialize.str1.4
                0x00015d38        0xc build/ACC.o
                                 0x10 (size before relaxing)
 .rodata.ACC_step.str1.4
                0x00015d44       0x14 build/ACC.o
 .rodata.genx_ids_check_message.str1.4
                0x00015d58       0x41 build/genx_ids.o
 *fill*         0x00015d99        0x3 
 .rodata.genx_ids_main.str1.4
                0x00015d9c       0x10 build/genx_ids.o
 .rodata.ids_msg_configs
                0x00015dac       0x30 build/genx_ids.o
                0x00015dac                ids_msg_configs
 *fill*         0x00015ddc        0x4 
 .rodata.ids_signal_ranges_0
                0x00015de0       0x60 build/genx_ids.o
 .rodata.ids_signal_ranges_1
                0x00015e40       0x48 build/genx_ids.o
 .rodata.str1.4
                0x00015e88       0x5e build/genx_ids.o
 *fill*         0x00015ee6        0x2 
 .rodata.OLED_Ultra_Distance_get_formatted_val.str1.4
                0x00015ee8        0x4 build/genx_oled.o
 .rodata.str1.4
                0x00015eec       0x24 build/genx_oled.o
 .rodata.local_CreateStructLogVar.str1.4
                0x00015f10       0x68 build/rt_logging.o
 .rodata.rtGlobalLoggingSignalsStructFieldNames
                0x00015f78      0x1c1 build/rt_logging.o
 *fill*         0x00016139        0x3 
 .rodata.rtGlobalLoggingSignalsStructFieldNames_noValDims
                0x0001613c      0x181 build/rt_logging.o
 *fill*         0x000162bd        0x3 
 .rodata.rtLocalLoggingSignalsStructFieldNames
                0x000162c0      0x181 build/rt_logging.o
 *fill*         0x00016441        0x3 
 .rodata.rtLocalLoggingSignalsStructFieldNames_noValDims
                0x00016444      0x141 build/rt_logging.o
 *fill*         0x00016585        0x3 
 .rodata.rtMemAllocError
                0x00016588       0x18 build/rt_logging.o
 .rodata.rtStructLogVarFieldNames
                0x000165a0       0xc1 build/rt_logging.o
 *fill*         0x00016661        0x3 
 .rodata.rt_CreateLogVarWithConvert.str1.4
                0x00016664      0x2e2 build/rt_logging.o
 *fill*         0x00016946        0x2 
 .rodata.rt_LoadModifiedLogVarName.str1.4
                0x00016948        0x5 build/rt_logging.o
 *fill*         0x0001694d        0x3 
 .rodata.rt_ReallocLogVar.str1.4
                0x00016950      0x231 build/rt_logging.o
                                0x235 (size before relaxing)
 *fill*         0x00016b81        0x3 
 .rodata.rt_StartDataLoggingWithStartTime.str1.4
                0x00016b84       0x31 build/rt_logging.o
 *fill*         0x00016bb5        0x3 
 .rodata.rt_UpdateLogVarWithDiscontiguousData.str1.4
                0x00016bb8       0x30 build/rt_logging.o
                                 0x2d (size before relaxing)
 .rodata._global_impure_ptr
                0x00016be8        0x4 D:/NXP/S32DS/build_tools/gcc_b1620/gcc-6.3-arm32-eabi/arm-none-eabi/newlib/lib/thumb/v7e-m/fpv4-sp/hard\libc.a(lib_a-impure.o)
                0x00016be8                _global_impure_ptr
 .rodata._svfprintf_r.str1.1
                0x00016bec       0x34 D:/NXP/S32DS/build_tools/gcc_b1620/gcc-6.3-arm32-eabi/arm-none-eabi/newlib/lib/thumb/v7e-m/fpv4-sp/hard\libc.a(lib_a-svfprintf.o)
 .rodata.blanks.8547
                0x00016c20       0x10 D:/NXP/S32DS/build_tools/gcc_b1620/gcc-6.3-arm32-eabi/arm-none-eabi/newlib/lib/thumb/v7e-m/fpv4-sp/hard\libc.a(lib_a-svfprintf.o)
 .rodata.zeroes.8548
                0x00016c30       0x10 D:/NXP/S32DS/build_tools/gcc_b1620/gcc-6.3-arm32-eabi/arm-none-eabi/newlib/lib/thumb/v7e-m/fpv4-sp/hard\libc.a(lib_a-svfprintf.o)
 .rodata._vfprintf_r.str1.1
                0x00016c40       0x34 D:/NXP/S32DS/build_tools/gcc_b1620/gcc-6.3-arm32-eabi/arm-none-eabi/newlib/lib/thumb/v7e-m/fpv4-sp/hard\libc.a(lib_a-vfprintf.o)
 .rodata.blanks.8562
                0x00016c40       0x10 D:/NXP/S32DS/build_tools/gcc_b1620/gcc-6.3-arm32-eabi/arm-none-eabi/newlib/lib/thumb/v7e-m/fpv4-sp/hard\libc.a(lib_a-vfprintf.o)
 .rodata.zeroes.8563
                0x00016c50       0x10 D:/NXP/S32DS/build_tools/gcc_b1620/gcc-6.3-arm32-eabi/arm-none-eabi/newlib/lib/thumb/v7e-m/fpv4-sp/hard\libc.a(lib_a-vfprintf.o)
 .rodata._dtoa_r.str1.1
                0x00016c60        0xd D:/NXP/S32DS/build_tools/gcc_b1620/gcc-6.3-arm32-eabi/arm-none-eabi/newlib/lib/thumb/v7e-m/fpv4-sp/hard\libc.a(lib_a-dtoa.o)
                                  0xf (size before relaxing)
 .rodata._setlocale_r.str1.1
                0x00016c6d        0x8 D:/NXP/S32DS/build_tools/gcc_b1620/gcc-6.3-arm32-eabi/arm-none-eabi/newlib/lib/thumb/v7e-m/fpv4-sp/hard\libc.a(lib_a-locale.o)
                                  0x9 (size before relaxing)
 .rodata.str1.1
                0x00016c75        0x2 D:/NXP/S32DS/build_tools/gcc_b1620/gcc-6.3-arm32-eabi/arm-none-eabi/newlib/lib/thumb/v7e-m/fpv4-sp/hard\libc.a(lib_a-locale.o)
 *fill*         0x00016c77        0x1 
 .rodata.__mprec_bigtens
                0x00016c78       0x28 D:/NXP/S32DS/build_tools/gcc_b1620/gcc-6.3-arm32-eabi/arm-none-eabi/newlib/lib/thumb/v7e-m/fpv4-sp/hard\libc.a(lib_a-mprec.o)
                0x00016c78                __mprec_bigtens
 .rodata.__mprec_tens
                0x00016ca0       0xc8 D:/NXP/S32DS/build_tools/gcc_b1620/gcc-6.3-arm32-eabi/arm-none-eabi/newlib/lib/thumb/v7e-m/fpv4-sp/hard\libc.a(lib_a-mprec.o)
                0x00016ca0                __mprec_tens
 .rodata.p05.7338
                0x00016d68        0xc D:/NXP/S32DS/build_tools/gcc_b1620/gcc-6.3-arm32-eabi/arm-none-eabi/newlib/lib/thumb/v7e-m/fpv4-sp/hard\libc.a(lib_a-mprec.o)
 .rodata._ctype_
                0x00016d74      0x101 D:/NXP/S32DS/build_tools/gcc_b1620/gcc-6.3-arm32-eabi/arm-none-eabi/newlib/lib/thumb/v7e-m/fpv4-sp/hard\libc.a(lib_a-ctype_.o)
                0x00016d74                _ctype_
 *(.init)
 *(.fini)
 *(.eh_frame)
                0x00016e78                . = ALIGN (0x4)
 *fill*         0x00016e75        0x3 

.glue_7         0x00016e78        0x0
 .glue_7        0x00016e78        0x0 linker stubs

.glue_7t        0x00016e78        0x0
 .glue_7t       0x00016e78        0x0 linker stubs

.vfp11_veneer   0x00016e78        0x0
 .vfp11_veneer  0x00016e78        0x0 linker stubs

.v4_bx          0x00016e78        0x0
 .v4_bx         0x00016e78        0x0 linker stubs

.iplt           0x00016e78        0x0
 .iplt          0x00016e78        0x0 build/system_S32K144.o

.ARM            0x00016e78        0x8
                0x00016e78                __exidx_start = .
 *(.ARM.exidx*)
 .ARM.exidx     0x00016e78        0x8 D:/NXP/S32DS/build_tools/gcc_b1620/gcc-6.3-arm32-eabi/lib/gcc/arm-none-eabi/6.3.1/thumb/v7e-m/fpv4-sp/hard\libgcc.a(_udivmoddi4.o)
                0x00016e80                __exidx_end = .
                0x00016e80                __etext = .
                0x00016e80                __DATA_ROM = .

.rel.dyn        0x00016e80        0x0
 .rel.iplt      0x00016e80        0x0 build/system_S32K144.o

.interrupts_ram
                0x1fff8000      0x400
                0x1fff8000                . = ALIGN (0x4)
                0x1fff8000                __VECTOR_RAM__ = .
                0x1fff8000                __RAM_START = .
                0x1fff8000                __interrupts_ram_start__ = .
 *(.m_interrupts_ram)
                0x1fff8400                . = (. + M_VECTOR_RAM_SIZE)
 *fill*         0x1fff8000      0x400 
                0x1fff8400                . = ALIGN (0x4)
                0x1fff8400                __interrupts_ram_end__ = .
                0x1fff8000                __VECTOR_RAM = DEFINED (__flash_vector_table__)?ORIGIN (m_interrupts):__VECTOR_RAM__